Archive member included to satisfy reference by file (symbol)

/home/giulai/Scrivania/prove_progetto/wise-cube/src/mpu/bin/arduino-mega2560/application_i2c_MPU/main.o
                              /usr/lib/gcc/avr/5.4.0/../../../avr/lib/avr6/crtatmega2560.o (main)
/home/giulai/Scrivania/prove_progetto/wise-cube/src/mpu/bin/arduino-mega2560/atmega_common_periph/i2c.o
                              /home/giulai/Scrivania/prove_progetto/wise-cube/src/mpu/bin/arduino-mega2560/application_i2c_MPU/main.o (i2c_init)
/home/giulai/Scrivania/prove_progetto/wise-cube/src/mpu/bin/arduino-mega2560/boards_common_atmega/board.o
                              /home/giulai/Scrivania/prove_progetto/wise-cube/src/mpu/bin/arduino-mega2560/atmega_common/startup.o (board_init)
/home/giulai/Scrivania/prove_progetto/wise-cube/src/mpu/bin/arduino-mega2560/core/init.o
                              /home/giulai/Scrivania/prove_progetto/wise-cube/src/mpu/bin/arduino-mega2560/atmega_common/startup.o (kernel_init)
/home/giulai/Scrivania/prove_progetto/wise-cube/src/mpu/bin/arduino-mega2560/core/mutex.o
                              /home/giulai/Scrivania/prove_progetto/wise-cube/src/mpu/bin/arduino-mega2560/atmega_common_periph/i2c.o (_mutex_lock)
/home/giulai/Scrivania/prove_progetto/wise-cube/src/mpu/bin/arduino-mega2560/core/panic.o
                              /home/giulai/Scrivania/prove_progetto/wise-cube/src/mpu/bin/arduino-mega2560/atmega_common_periph/i2c.o (core_panic)
/home/giulai/Scrivania/prove_progetto/wise-cube/src/mpu/bin/arduino-mega2560/core/sched.o
                              /home/giulai/Scrivania/prove_progetto/wise-cube/src/mpu/bin/arduino-mega2560/core/mutex.o (sched_active_thread)
/home/giulai/Scrivania/prove_progetto/wise-cube/src/mpu/bin/arduino-mega2560/core/thread.o
                              /home/giulai/Scrivania/prove_progetto/wise-cube/src/mpu/bin/arduino-mega2560/core/mutex.o (thread_add_to_list)
/home/giulai/Scrivania/prove_progetto/wise-cube/src/mpu/bin/arduino-mega2560/mpu9x50/mpu9x50.o
                              /home/giulai/Scrivania/prove_progetto/wise-cube/src/mpu/bin/arduino-mega2560/application_i2c_MPU/main.o (mpu9x50_read_gyro)
/home/giulai/Scrivania/prove_progetto/wise-cube/src/mpu/bin/arduino-mega2560/xtimer/xtimer.o
                              /home/giulai/Scrivania/prove_progetto/wise-cube/src/mpu/bin/arduino-mega2560/application_i2c_MPU/main.o (_xtimer_tsleep)
/home/giulai/Scrivania/prove_progetto/wise-cube/src/mpu/bin/arduino-mega2560/xtimer/xtimer_core.o
                              /home/giulai/Scrivania/prove_progetto/wise-cube/src/mpu/bin/arduino-mega2560/xtimer/xtimer.o (_xtimer_current_time)
/home/giulai/Scrivania/prove_progetto/wise-cube/src/mpu/bin/arduino-mega2560/periph_common/pm.o
                              /home/giulai/Scrivania/prove_progetto/wise-cube/src/mpu/bin/arduino-mega2560/core/panic.o (pm_off)
/home/giulai/Scrivania/prove_progetto/wise-cube/src/mpu/bin/arduino-mega2560/periph_common/i2c.o
                              /home/giulai/Scrivania/prove_progetto/wise-cube/src/mpu/bin/arduino-mega2560/mpu9x50/mpu9x50.o (i2c_read_regs)
/usr/lib/gcc/avr/5.4.0/../../../avr/lib/avr6/libm.a(addsf3.o)
                              /home/giulai/Scrivania/prove_progetto/wise-cube/src/mpu/bin/arduino-mega2560/mpu9x50/mpu9x50.o (__addsf3)
/usr/lib/gcc/avr/5.4.0/../../../avr/lib/avr6/libm.a(addsf3x.o)
                              /usr/lib/gcc/avr/5.4.0/../../../avr/lib/avr6/libm.a(addsf3.o) (__addsf3x)
/usr/lib/gcc/avr/5.4.0/../../../avr/lib/avr6/libm.a(divsf3.o)
                              /home/giulai/Scrivania/prove_progetto/wise-cube/src/mpu/bin/arduino-mega2560/mpu9x50/mpu9x50.o (__divsf3)
/usr/lib/gcc/avr/5.4.0/../../../avr/lib/avr6/libm.a(divsf3x.o)
                              /usr/lib/gcc/avr/5.4.0/../../../avr/lib/avr6/libm.a(divsf3.o) (__divsf3x)
/usr/lib/gcc/avr/5.4.0/../../../avr/lib/avr6/libm.a(fixsfsi.o)
                              /home/giulai/Scrivania/prove_progetto/wise-cube/src/mpu/bin/arduino-mega2560/mpu9x50/mpu9x50.o (__fixsfsi)
/usr/lib/gcc/avr/5.4.0/../../../avr/lib/avr6/libm.a(fixunssfsi.o)
                              /usr/lib/gcc/avr/5.4.0/../../../avr/lib/avr6/libm.a(fixsfsi.o) (__fixunssfsi)
/usr/lib/gcc/avr/5.4.0/../../../avr/lib/avr6/libm.a(floatsisf.o)
                              /home/giulai/Scrivania/prove_progetto/wise-cube/src/mpu/bin/arduino-mega2560/mpu9x50/mpu9x50.o (__floatunsisf)
/usr/lib/gcc/avr/5.4.0/../../../avr/lib/avr6/libm.a(fp_inf.o)
                              /usr/lib/gcc/avr/5.4.0/../../../avr/lib/avr6/libm.a(addsf3x.o) (__fp_inf)
/usr/lib/gcc/avr/5.4.0/../../../avr/lib/avr6/libm.a(fp_nan.o)
                              /usr/lib/gcc/avr/5.4.0/../../../avr/lib/avr6/libm.a(addsf3x.o) (__fp_nan)
/usr/lib/gcc/avr/5.4.0/../../../avr/lib/avr6/libm.a(fp_pscA.o)
                              /usr/lib/gcc/avr/5.4.0/../../../avr/lib/avr6/libm.a(addsf3x.o) (__fp_pscA)
[...]
Memory Configuration

Name             Origin             Length             Attributes
text             0x0000000000000000 0x000000000003e000 xr
data             0x0000000000800200 0x0000000000002000 rw !x
eeprom           0x0000000000810000 0x0000000000010000 rw !x
fuse             0x0000000000820000 0x0000000000000003 rw !x
lock             0x0000000000830000 0x0000000000000400 rw !x
signature        0x0000000000840000 0x0000000000000400 rw !x
user_signatures  0x0000000000850000 0x0000000000000400 rw !x
*default*        0x0000000000000000 0xffffffffffffffff

Linker script and memory map

Address of section .data set to 0x800200
LOAD /usr/lib/gcc/avr/5.4.0/../../../avr/lib/avr6/crtatmega2560.o
LOAD /home/giulai/Scrivania/prove_progetto/wise-cube/src/mpu/bin/arduino-mega2560/atmega_common/startup.o
START GROUP
LOAD /home/giulai/Scrivania/prove_progetto/wise-cube/src/mpu/bin/arduino-mega2560/application_i2c_MPU.a
LOAD /home/giulai/Scrivania/prove_progetto/wise-cube/src/mpu/bin/arduino-mega2560/atmega_common.a
LOAD /home/giulai/Scrivania/prove_progetto/wise-cube/src/mpu/bin/arduino-mega2560/atmega_common_periph.a
LOAD /home/giulai/Scrivania/prove_progetto/wise-cube/src/mpu/bin/arduino-mega2560/auto_init.a
LOAD /home/giulai/Scrivania/prove_progetto/wise-cube/src/mpu/bin/arduino-mega2560/avr_libc_extra.a
LOAD /home/giulai/Scrivania/prove_progetto/wise-cube/src/mpu/bin/arduino-mega2560/board.a
LOAD /home/giulai/Scrivania/prove_progetto/wise-cube/src/mpu/bin/arduino-mega2560/boards_common_arduino-atmega.a
LOAD /home/giulai/Scrivania/prove_progetto/wise-cube/src/mpu/bin/arduino-mega2560/boards_common_atmega.a
LOAD /home/giulai/Scrivania/prove_progetto/wise-cube/src/mpu/bin/arduino-mega2560/core.a
LOAD /home/giulai/Scrivania/prove_progetto/wise-cube/src/mpu/bin/arduino-mega2560/cpu.a
LOAD /home/giulai/Scrivania/prove_progetto/wise-cube/src/mpu/bin/arduino-mega2560/div.a
LOAD /home/giulai/Scrivania/prove_progetto/wise-cube/src/mpu/bin/arduino-mega2560/mpu9x50.a
LOAD /home/giulai/Scrivania/prove_progetto/wise-cube/src/mpu/bin/arduino-mega2560/stdio_uart.a
LOAD /home/giulai/Scrivania/prove_progetto/wise-cube/src/mpu/bin/arduino-mega2560/sys.a
LOAD /home/giulai/Scrivania/prove_progetto/wise-cube/src/mpu/bin/arduino-mega2560/xtimer.a
LOAD /home/giulai/Scrivania/prove_progetto/wise-cube/src/mpu/bin/arduino-mega2560/periph_common.a
LOAD /usr/lib/gcc/avr/5.4.0/../../../avr/lib/avr6/libm.a
END GROUP
LOAD /usr/lib/gcc/avr/5.4.0/avr6/libgcc.a
                0x000000000003e000                __TEXT_REGION_LENGTH__ = 0x3e000
                0x0000000000002000                __DATA_REGION_LENGTH__ = 0x2000
START GROUP
LOAD /usr/lib/gcc/avr/5.4.0/avr6/libgcc.a
LOAD /usr/lib/gcc/avr/5.4.0/../../../avr/lib/avr6/libm.a
LOAD /usr/lib/gcc/avr/5.4.0/../../../avr/lib/avr6/libc.a
LOAD /usr/lib/gcc/avr/5.4.0/../../../avr/lib/avr6/libatmega2560.a
END GROUP
                0x0000000000100000                __TEXT_REGION_LENGTH__ = DEFINED (__TEXT_REGION_LENGTH__)?__TEXT_REGION_LENGTH__:0x100000
                0x000000000000fe00                __DATA_REGION_LENGTH__ = DEFINED (__DATA_REGION_LENGTH__)?__DATA_REGION_LENGTH__:0xfe00
                0x0000000000010000                __EEPROM_REGION_LENGTH__ = DEFINED (__EEPROM_REGION_LENGTH__)?__EEPROM_REGION_LENGTH__:0x10000
                [0x0000000000000003]                __FUSE_REGION_LENGTH__ = DEFINED (__FUSE_REGION_LENGTH__)?__FUSE_REGION_LENGTH__:0x400
                0x0000000000000400                __LOCK_REGION_LENGTH__ = DEFINED (__LOCK_REGION_LENGTH__)?__LOCK_REGION_LENGTH__:0x400
                0x0000000000000400                __SIGNATURE_REGION_LENGTH__ = DEFINED (__SIGNATURE_REGION_LENGTH__)?__SIGNATURE_REGION_LENGTH__:0x400
                0x0000000000000400                __USER_SIGNATURE_REGION_LENGTH__ = DEFINED (__USER_SIGNATURE_REGION_LENGTH__)?__USER_SIGNATURE_REGION_LENGTH__:0x400

.hash
 *(.hash)

.dynsym
 *(.dynsym)

.dynstr
 *(.dynstr)

.gnu.version
 *(.gnu.version)

.gnu.version_d
 *(.gnu.version_d)

.gnu.version_r
 *(.gnu.version_r)

.rel.init
 *(.rel.init)

.rela.init
 *(.rela.init)

.rel.text
 *(.rel.text)
 *(.rel.text.*)
 *(.rel.gnu.linkonce.t*)

.rela.text
 *(.rela.text)
 *(.rela.text.*)
 *(.rela.gnu.linkonce.t*)

.rel.fini
 *(.rel.fini)

.rela.fini
 *(.rela.fini)

.rel.rodata
 *(.rel.rodata)
 *(.rel.rodata.*)
 *(.rel.gnu.linkonce.r*)

.rela.rodata
 *(.rela.rodata)
 *(.rela.rodata.*)
 *(.rela.gnu.linkonce.r*)

.rel.data
 *(.rel.data)
 *(.rel.data.*)
 *(.rel.gnu.linkonce.d*)

.rela.data
 *(.rela.data)
 *(.rela.data.*)
 *(.rela.gnu.linkonce.d*)

.rel.ctors
 *(.rel.ctors)

.rela.ctors
 *(.rela.ctors)

.rel.dtors
 *(.rel.dtors)

.rela.dtors
 *(.rela.dtors)

.rel.got
 *(.rel.got)

.rela.got
 *(.rela.got)

.rel.bss
 *(.rel.bss)

.rela.bss
 *(.rela.bss)

.rel.plt
 *(.rel.plt)

.rela.plt
 *(.rela.plt)

.text           0x0000000000000000     0x35e0
 *(.vectors)
 .vectors       0x0000000000000000       0xe4 /usr/lib/gcc/avr/5.4.0/../../../avr/lib/avr6/crtatmega2560.o
                0x0000000000000000                __vectors
 *(.vectors)
 *(.progmem.gcc*)
                0x00000000000000e4                . = ALIGN (0x2)
                0x00000000000000e4                __trampolines_start = .
 *(.trampolines)
 .trampolines   0x00000000000000e4       0x1c linker stubs
 *(.trampolines*)
                0x0000000000000100                __trampolines_end = .
 *libprintf_flt.a:*(.progmem.data)
 *libc.a:*(.progmem.data)
 *(.progmem*)
 .progmem.data.__c.2011
                0x0000000000000100       0x49 /home/giulai/Scrivania/prove_progetto/wise-cube/src/mpu/bin/arduino-mega2560/atmega_common/cpu.o
                0x000000000000014a                . = ALIGN (0x2)
 *fill*         0x0000000000000149        0x1 
 *(.jumptables)
 *(.jumptables*)
 *(.lowtext)
 *(.lowtext*)
                0x000000000000014a                __ctors_start = .
 *(.ctors)
                0x000000000000014a                __ctors_end = .
                0x000000000000014a                __dtors_start = .
 *(.dtors)
                0x000000000000014a                __dtors_end = .
 SORT(*)(.ctors)
 SORT(*)(.dtors)
 *(.init0)
 .init0         0x000000000000014a        0x0 /usr/lib/gcc/avr/5.4.0/../../../avr/lib/avr6/crtatmega2560.o
                0x000000000000014a                __init
 .init0         0x000000000000014a       0x24 /home/giulai/Scrivania/prove_progetto/wise-cube/src/mpu/bin/arduino-mega2560/atmega_common/cpu.o
                0x000000000000014a                get_mcusr
 *(.init0)
 *(.init1)
 *(.init1)
 *(.init2)
 .init2         0x000000000000016e       0x10 /usr/lib/gcc/avr/5.4.0/../../../avr/lib/avr6/crtatmega2560.o
 *(.init2)
 *(.init3)
 *(.init3)
 *(.init4)
 .init4         0x000000000000017e       0x1a /usr/lib/gcc/avr/5.4.0/avr6/libgcc.a(_copy_data.o)
                0x000000000000017e                __do_copy_data
 .init4         0x0000000000000198       0x10 /usr/lib/gcc/avr/5.4.0/avr6/libgcc.a(_clear_bss.o)
                0x0000000000000198                __do_clear_bss
 *(.init4)
 *(.init5)
 *(.init5)
 *(.init6)
 *(.init6)
 *(.init7)
 .init7         0x00000000000001a8        0x4 /home/giulai/Scrivania/prove_progetto/wise-cube/src/mpu/bin/arduino-mega2560/atmega_common/startup.o
                0x00000000000001a8                init7_ovr
 *(.init7)
 *(.init8)
 .init8         0x00000000000001ac        0x4 /home/giulai/Scrivania/prove_progetto/wise-cube/src/mpu/bin/arduino-mega2560/atmega_common/startup.o
                0x00000000000001ac                init8_ovr
 *(.init8)
 *(.init9)
 .init9         0x00000000000001b0        0x8 /usr/lib/gcc/avr/5.4.0/../../../avr/lib/avr6/crtatmega2560.o
 *(.init9)
 *(.text)
 .text          0x00000000000001b8        0x4 /usr/lib/gcc/avr/5.4.0/../../../avr/lib/avr6/crtatmega2560.o
                0x00000000000001b8                __vector_22
                0x00000000000001b8                __vector_28
                0x00000000000001b8                __vector_1
                0x00000000000001b8                __vector_32
                0x00000000000001b8                __vector_34
                0x00000000000001b8                __vector_24
                0x00000000000001b8                __vector_12
                0x00000000000001b8                __vector_55
                0x00000000000001b8                __vector_46
                0x00000000000001b8                __bad_interrupt
                0x00000000000001b8                __vector_6
                0x00000000000001b8                __vector_31
                0x00000000000001b8                __vector_35
                0x00000000000001b8                __vector_39
                0x00000000000001b8                __vector_3
                0x00000000000001b8                __vector_23
                0x00000000000001b8                __vector_30
                0x00000000000001b8                __vector_45
                0x00000000000001b8                __vector_11
                0x00000000000001b8                __vector_54
                0x00000000000001b8                __vector_13
                0x00000000000001b8                __vector_56
                0x00000000000001b8                __vector_7
                0x00000000000001b8                __vector_49
                0x00000000000001b8                __vector_41
                0x00000000000001b8                __vector_5
                0x00000000000001b8                __vector_33
                0x00000000000001b8                __vector_47
                0x00000000000001b8                __vector_52
                0x00000000000001b8                __vector_37
                0x00000000000001b8                __vector_4
                0x00000000000001b8                __vector_51
                0x00000000000001b8                __vector_9
                0x00000000000001b8                __vector_2
                0x00000000000001b8                __vector_21
                0x00000000000001b8                __vector_15
                0x00000000000001b8                __vector_29
                0x00000000000001b8                __vector_40
                0x00000000000001b8                __vector_8
                0x00000000000001b8                __vector_26
                0x00000000000001b8                __vector_48
                0x00000000000001b8                __vector_14
                0x00000000000001b8                __vector_53
                0x00000000000001b8                __vector_10
                0x00000000000001b8                __vector_50
                0x00000000000001b8                __vector_16
                0x00000000000001b8                __vector_20
                0x00000000000001bc                . = ALIGN (0x2)
 *(.text.*)
 .text.reset_handler
                0x00000000000001bc        0x8 /home/giulai/Scrivania/prove_progetto/wise-cube/src/mpu/bin/arduino-mega2560/atmega_common/startup.o
                0x00000000000001bc                reset_handler
 .text.position
                0x00000000000001c4       0xa2 /home/giulai/Scrivania/prove_progetto/wise-cube/src/mpu/bin/arduino-mega2560/application_i2c_MPU/main.o
                0x00000000000001c4                position
 .text.startup.main
                0x0000000000000266      0x264 /home/giulai/Scrivania/prove_progetto/wise-cube/src/mpu/bin/arduino-mega2560/application_i2c_MPU/main.o
                0x0000000000000266                main
 .text._stop    0x00000000000004ca       0x14 /home/giulai/Scrivania/prove_progetto/wise-cube/src/mpu/bin/arduino-mega2560/atmega_common_periph/i2c.o
 .text._start   0x00000000000004de       0x66 /home/giulai/Scrivania/prove_progetto/wise-cube/src/mpu/bin/arduino-mega2560/atmega_common_periph/i2c.o
 .text.i2c_init
                0x0000000000000544       0x54 /home/giulai/Scrivania/prove_progetto/wise-cube/src/mpu/bin/arduino-mega2560/atmega_common_periph/i2c.o
                0x0000000000000544                i2c_init
 .text.i2c_read_bytes
                0x0000000000000598       0x94 /home/giulai/Scrivania/prove_progetto/wise-cube/src/mpu/bin/arduino-mega2560/atmega_common_periph/i2c.o
                0x0000000000000598                i2c_read_bytes
 .text.i2c_write_bytes
                0x000000000000062c       0x96 /home/giulai/Scrivania/prove_progetto/wise-cube/src/mpu/bin/arduino-mega2560/atmega_common_periph/i2c.o
                0x000000000000062c                i2c_write_bytes
 .text.i2c_acquire
                0x00000000000006c2       0x36 /home/giulai/Scrivania/prove_progetto/wise-cube/src/mpu/bin/arduino-mega2560/atmega_common_periph/i2c.o
                0x00000000000006c2                i2c_acquire
 .text.i2c_release
                0x00000000000006f8       0x16 /home/giulai/Scrivania/prove_progetto/wise-cube/src/mpu/bin/arduino-mega2560/atmega_common_periph/i2c.o
                0x00000000000006f8                i2c_release
 .text.board_init
                0x000000000000070e       0x18 /home/giulai/Scrivania/prove_progetto/wise-cube/src/mpu/bin/arduino-mega2560/boards_common_atmega/board.o
                0x000000000000070e                board_init
 .text.main_trampoline
                0x0000000000000726       0x1e /home/giulai/Scrivania/prove_progetto/wise-cube/src/mpu/bin/arduino-mega2560/core/init.o
 .text.idle_thread
                0x0000000000000744        0x6 /home/giulai/Scrivania/prove_progetto/wise-cube/src/mpu/bin/arduino-mega2560/core/init.o
 .text.kernel_init
                0x000000000000074a       0x48 /home/giulai/Scrivania/prove_progetto/wise-cube/src/mpu/bin/arduino-mega2560/core/init.o
                0x000000000000074a                kernel_init
 .text._mutex_lock
                0x0000000000000792       0x86 /home/giulai/Scrivania/prove_progetto/wise-cube/src/mpu/bin/arduino-mega2560/core/mutex.o
                0x0000000000000792                _mutex_lock
 .text.mutex_unlock
                0x0000000000000818       0x7a /home/giulai/Scrivania/prove_progetto/wise-cube/src/mpu/bin/arduino-mega2560/core/mutex.o
                0x0000000000000818                mutex_unlock
 .text.panic_arch
                0x0000000000000892        0x2 /home/giulai/Scrivania/prove_progetto/wise-cube/src/mpu/bin/arduino-mega2560/core/panic.o
                0x0000000000000892                panic_arch
 .text.core_panic
                0x0000000000000894       0x76 /home/giulai/Scrivania/prove_progetto/wise-cube/src/mpu/bin/arduino-mega2560/core/panic.o
                0x0000000000000894                core_panic
 .text.sched_run
                0x000000000000090a       0x7e /home/giulai/Scrivania/prove_progetto/wise-cube/src/mpu/bin/arduino-mega2560/core/sched.o
                0x000000000000090a                sched_run
 .text.sched_set_status
                0x0000000000000988      0x122 /home/giulai/Scrivania/prove_progetto/wise-cube/src/mpu/bin/arduino-mega2560/core/sched.o
                0x0000000000000988                sched_set_status
 .text.sched_switch
                0x0000000000000aaa       0x34 /home/giulai/Scrivania/prove_progetto/wise-cube/src/mpu/bin/arduino-mega2560/core/sched.o
                0x0000000000000aaa                sched_switch
 .text.sched_task_exit
                0x0000000000000ade       0x44 /home/giulai/Scrivania/prove_progetto/wise-cube/src/mpu/bin/arduino-mega2560/core/sched.o
                0x0000000000000ade                sched_task_exit
 .text.thread_add_to_list
                0x0000000000000b22       0x42 /home/giulai/Scrivania/prove_progetto/wise-cube/src/mpu/bin/arduino-mega2560/core/thread.o
                0x0000000000000b22                thread_add_to_list
 .text.thread_create
                0x0000000000000b64      0x140 /home/giulai/Scrivania/prove_progetto/wise-cube/src/mpu/bin/arduino-mega2560/core/thread.o
                0x0000000000000b64                thread_create
 .text._xtimer_tsleep32
                0x0000000000000ca4        0xa /home/giulai/Scrivania/prove_progetto/wise-cube/src/mpu/bin/arduino-mega2560/mpu9x50/mpu9x50.o
 .text.mpu9x50_read_gyro
                0x0000000000000cae      0x188 /home/giulai/Scrivania/prove_progetto/wise-cube/src/mpu/bin/arduino-mega2560/mpu9x50/mpu9x50.o
                0x0000000000000cae                mpu9x50_read_gyro
 .text.mpu9x50_read_accel
                0x0000000000000e36      0x188 /home/giulai/Scrivania/prove_progetto/wise-cube/src/mpu/bin/arduino-mega2560/mpu9x50/mpu9x50.o
                0x0000000000000e36                mpu9x50_read_accel
 .text.mpu9x50_set_gyro_fsr
                0x0000000000000fbe       0x76 /home/giulai/Scrivania/prove_progetto/wise-cube/src/mpu/bin/arduino-mega2560/mpu9x50/mpu9x50.o
                0x0000000000000fbe                mpu9x50_set_gyro_fsr
 .text.mpu9x50_set_accel_fsr
                0x0000000000001034       0x76 /home/giulai/Scrivania/prove_progetto/wise-cube/src/mpu/bin/arduino-mega2560/mpu9x50/mpu9x50.o
                0x0000000000001034                mpu9x50_set_accel_fsr
 .text.mpu9x50_set_sample_rate
                0x00000000000010aa       0xf4 /home/giulai/Scrivania/prove_progetto/wise-cube/src/mpu/bin/arduino-mega2560/mpu9x50/mpu9x50.o
                0x00000000000010aa                mpu9x50_set_sample_rate
 .text.mpu9x50_set_compass_sample_rate
                0x000000000000119e       0x96 /home/giulai/Scrivania/prove_progetto/wise-cube/src/mpu/bin/arduino-mega2560/mpu9x50/mpu9x50.o
                0x000000000000119e                mpu9x50_set_compass_sample_rate
 .text.mpu9x50_init
                0x0000000000001234      0x388 /home/giulai/Scrivania/prove_progetto/wise-cube/src/mpu/bin/arduino-mega2560/mpu9x50/mpu9x50.o
                0x0000000000001234                mpu9x50_init
 .text._callback_unlock_mutex
                0x00000000000015bc        0x4 /home/giulai/Scrivania/prove_progetto/wise-cube/src/mpu/bin/arduino-mega2560/xtimer/xtimer.o
 .text.mutex_lock
                0x00000000000015c0       0x20 /home/giulai/Scrivania/prove_progetto/wise-cube/src/mpu/bin/arduino-mega2560/xtimer/xtimer.o
 .text._xtimer_tsleep
                0x00000000000015e0       0xee /home/giulai/Scrivania/prove_progetto/wise-cube/src/mpu/bin/arduino-mega2560/xtimer/xtimer.o
                0x00000000000015e0                _xtimer_tsleep
 .text._add_timer_to_list
                0x00000000000016ce       0xe6 /home/giulai/Scrivania/prove_progetto/wise-cube/src/mpu/bin/arduino-mega2560/xtimer/xtimer_core.o
 .text._remove_timer_from_list
                0x00000000000017b4       0x2c /home/giulai/Scrivania/prove_progetto/wise-cube/src/mpu/bin/arduino-mega2560/xtimer/xtimer_core.o
 .text._xtimer_now64
                0x00000000000017e0      0x13e /home/giulai/Scrivania/prove_progetto/wise-cube/src/mpu/bin/arduino-mega2560/xtimer/xtimer_core.o
 .text._schedule_earliest_lltimer.part.0
                0x000000000000191e       0x66 /home/giulai/Scrivania/prove_progetto/wise-cube/src/mpu/bin/arduino-mega2560/xtimer/xtimer_core.o
 .text._xtimer_now
                0x0000000000001984        0xa /home/giulai/Scrivania/prove_progetto/wise-cube/src/mpu/bin/arduino-mega2560/xtimer/xtimer_core.o
                0x0000000000001984                _xtimer_now
 .text.xtimer_init
                0x000000000000198e       0x3a /home/giulai/Scrivania/prove_progetto/wise-cube/src/mpu/bin/arduino-mega2560/xtimer/xtimer_core.o
                0x000000000000198e                xtimer_init
 .text._periph_timer_callback
                0x00000000000019c8      0x3aa /home/giulai/Scrivania/prove_progetto/wise-cube/src/mpu/bin/arduino-mega2560/xtimer/xtimer_core.o
 .text.xtimer_remove
                0x0000000000001d72       0x4e /home/giulai/Scrivania/prove_progetto/wise-cube/src/mpu/bin/arduino-mega2560/xtimer/xtimer_core.o
                0x0000000000001d72                xtimer_remove
 .text._xtimer_set64
                0x0000000000001dc0      0x14a /home/giulai/Scrivania/prove_progetto/wise-cube/src/mpu/bin/arduino-mega2560/xtimer/xtimer_core.o
                0x0000000000001dc0                _xtimer_set64
 .text.pm_off   0x0000000000001f0a        0x6 /home/giulai/Scrivania/prove_progetto/wise-cube/src/mpu/bin/arduino-mega2560/periph_common/pm.o
                0x0000000000001f0a                pm_off
 .text.pm_set_lowest
                0x0000000000001f10        0x2 /home/giulai/Scrivania/prove_progetto/wise-cube/src/mpu/bin/arduino-mega2560/periph_common/pm.o
                0x0000000000001f10                pm_set_lowest
 .text.i2c_read_regs
                0x0000000000001f12       0xa6 /home/giulai/Scrivania/prove_progetto/wise-cube/src/mpu/bin/arduino-mega2560/periph_common/i2c.o
                0x0000000000001f12                i2c_read_regs
 .text.i2c_read_reg
                0x0000000000001fb8       0x18 /home/giulai/Scrivania/prove_progetto/wise-cube/src/mpu/bin/arduino-mega2560/periph_common/i2c.o
                0x0000000000001fb8                i2c_read_reg
 .text.i2c_write_regs
                0x0000000000001fd0       0xa6 /home/giulai/Scrivania/prove_progetto/wise-cube/src/mpu/bin/arduino-mega2560/periph_common/i2c.o
                0x0000000000001fd0                i2c_write_regs
 .text.i2c_write_reg
                0x0000000000002076       0x30 /home/giulai/Scrivania/prove_progetto/wise-cube/src/mpu/bin/arduino-mega2560/periph_common/i2c.o
                0x0000000000002076                i2c_write_reg
 .text.avr-libc.fplib
                0x00000000000020a6        0x8 /usr/lib/gcc/avr/5.4.0/../../../avr/lib/avr6/libm.a(divsf3.o)
                0x00000000000020a6                __divsf3
 .text.avr-libc.fplib
                0x00000000000020ae       0xdc /usr/lib/gcc/avr/5.4.0/../../../avr/lib/avr6/libm.a(divsf3x.o)
                0x00000000000020ce                __divsf3x
                0x00000000000020d4                __divsf3_pse
 .text.avr-libc.fplib
                0x000000000000218a        0xe /usr/lib/gcc/avr/5.4.0/../../../avr/lib/avr6/libm.a(fixsfsi.o)
                0x000000000000218a                __fixsfsi
 .text.avr-libc.fplib
                0x0000000000002198       0x5e /usr/lib/gcc/avr/5.4.0/../../../avr/lib/avr6/libm.a(fixunssfsi.o)
                0x0000000000002198                __fixunssfsi
 .text.avr-libc.fplib
                0x00000000000021f6       0x7a /usr/lib/gcc/avr/5.4.0/../../../avr/lib/avr6/libm.a(floatsisf.o)
                0x00000000000021f6                __floatunsisf
                0x00000000000021fa                __floatsisf
 .text.avr-libc.fplib
                0x0000000000002270        0xc /usr/lib/gcc/avr/5.4.0/../../../avr/lib/avr6/libm.a(fp_inf.o)
                0x0000000000002270                __fp_inf
 .text.avr-libc.fplib
                0x000000000000227c        0x6 /usr/lib/gcc/avr/5.4.0/../../../avr/lib/avr6/libm.a(fp_nan.o)
                0x000000000000227c                __fp_nan
 .text.avr-libc.fplib
                0x0000000000002282        0xe /usr/lib/gcc/avr/5.4.0/../../../avr/lib/avr6/libm.a(fp_pscA.o)
                0x0000000000002282                __fp_pscA
 .text.avr-libc.fplib
                0x0000000000002290        0xe /usr/lib/gcc/avr/5.4.0/../../../avr/lib/avr6/libm.a(fp_pscB.o)
                0x0000000000002290                __fp_pscB
 .text.avr-libc.fplib
                0x000000000000229e       0x22 /usr/lib/gcc/avr/5.4.0/../../../avr/lib/avr6/libm.a(fp_round.o)
                0x000000000000229e                __fp_round
 .text.avr-libc.fplib
                0x00000000000022c0       0x44 /usr/lib/gcc/avr/5.4.0/../../../avr/lib/avr6/libm.a(fp_split3.o)
                0x00000000000022c0                __fp_split3
                0x00000000000022d0                __fp_splitA
 .text.avr-libc.fplib
                0x0000000000002304        0xe /usr/lib/gcc/avr/5.4.0/../../../avr/lib/avr6/libm.a(fp_zero.o)
                0x0000000000002304                __fp_zero
                0x0000000000002306                __fp_szero
 .text.avr-libc.fplib
                0x0000000000002312        0x8 /usr/lib/gcc/avr/5.4.0/../../../avr/lib/avr6/libm.a(mulsf3.o)
                0x0000000000002312                __mulsf3
 .text.avr-libc.fplib
                0x000000000000231a       0xd2 /usr/lib/gcc/avr/5.4.0/../../../avr/lib/avr6/libm.a(mulsf3x.o)
                0x0000000000002338                __mulsf3x
                0x000000000000233e                __mulsf3_pse
 .text.thread_stack_init
                0x00000000000023ec       0x6a /home/giulai/Scrivania/prove_progetto/wise-cube/src/mpu/bin/arduino-mega2560/atmega_common/thread_arch.o
                0x00000000000023ec                thread_stack_init
 .text.cpu_switch_context_exit
                0x0000000000002456       0x9a /home/giulai/Scrivania/prove_progetto/wise-cube/src/mpu/bin/arduino-mega2560/atmega_common/thread_arch.o
                0x0000000000002456                cpu_switch_context_exit
 .text.thread_yield_higher
                0x00000000000024f0       0xda /home/giulai/Scrivania/prove_progetto/wise-cube/src/mpu/bin/arduino-mega2560/atmega_common/thread_arch.o
                0x00000000000024f0                thread_yield_higher
 .text.atmega_exit_isr
                0x00000000000025ca       0xdc /home/giulai/Scrivania/prove_progetto/wise-cube/src/mpu/bin/arduino-mega2560/atmega_common/thread_arch.o
                0x00000000000025ca                atmega_exit_isr
 .text.cpu_init
                0x00000000000026a6       0x20 /home/giulai/Scrivania/prove_progetto/wise-cube/src/mpu/bin/arduino-mega2560/atmega_common/cpu.o
                0x00000000000026a6                cpu_init
 .text.__vector_default
                0x00000000000026c6       0x16 /home/giulai/Scrivania/prove_progetto/wise-cube/src/mpu/bin/arduino-mega2560/atmega_common/cpu.o
                0x00000000000026c6                __vector_default
 .text._isr     0x00000000000026dc       0x90 /home/giulai/Scrivania/prove_progetto/wise-cube/src/mpu/bin/arduino-mega2560/atmega_common_periph/timer.o
 .text.timer_init
                0x000000000000276c       0xa8 /home/giulai/Scrivania/prove_progetto/wise-cube/src/mpu/bin/arduino-mega2560/atmega_common_periph/timer.o
                0x000000000000276c                timer_init
 .text.timer_set_absolute
                0x0000000000002814       0xbc /home/giulai/Scrivania/prove_progetto/wise-cube/src/mpu/bin/arduino-mega2560/atmega_common_periph/timer.o
                0x0000000000002814                timer_set_absolute
 .text.timer_read
                0x00000000000028d0       0x26 /home/giulai/Scrivania/prove_progetto/wise-cube/src/mpu/bin/arduino-mega2560/atmega_common_periph/timer.o
                0x00000000000028d0                timer_read
 .text.__vector_17
                0x00000000000028f6       0x58 /home/giulai/Scrivania/prove_progetto/wise-cube/src/mpu/bin/arduino-mega2560/atmega_common_periph/timer.o
                0x00000000000028f6                __vector_17
 .text.__vector_18
                0x000000000000294e       0x58 /home/giulai/Scrivania/prove_progetto/wise-cube/src/mpu/bin/arduino-mega2560/atmega_common_periph/timer.o
                0x000000000000294e                __vector_18
 .text.__vector_19
                0x00000000000029a6       0x58 /home/giulai/Scrivania/prove_progetto/wise-cube/src/mpu/bin/arduino-mega2560/atmega_common_periph/timer.o
                0x00000000000029a6                __vector_19
 .text.__vector_42
                0x00000000000029fe       0x58 /home/giulai/Scrivania/prove_progetto/wise-cube/src/mpu/bin/arduino-mega2560/atmega_common_periph/timer.o
                0x00000000000029fe                __vector_42
 .text.__vector_43
                0x0000000000002a56       0x58 /home/giulai/Scrivania/prove_progetto/wise-cube/src/mpu/bin/arduino-mega2560/atmega_common_periph/timer.o
                0x0000000000002a56                __vector_43
 .text.__vector_44
                0x0000000000002aae       0x58 /home/giulai/Scrivania/prove_progetto/wise-cube/src/mpu/bin/arduino-mega2560/atmega_common_periph/timer.o
                0x0000000000002aae                __vector_44
 .text.auto_init
                0x0000000000002b06        0x4 /home/giulai/Scrivania/prove_progetto/wise-cube/src/mpu/bin/arduino-mega2560/auto_init/auto_init.o
                0x0000000000002b06                auto_init
 .text._uart_getchar
                0x0000000000002b0a       0x26 /home/giulai/Scrivania/prove_progetto/wise-cube/src/mpu/bin/arduino-mega2560/avr_libc_extra/atmega_stdio.o
 .text._uart_putchar
                0x0000000000002b30       0x24 /home/giulai/Scrivania/prove_progetto/wise-cube/src/mpu/bin/arduino-mega2560/avr_libc_extra/atmega_stdio.o
 .text.atmega_stdio_init
                0x0000000000002b54       0x20 /home/giulai/Scrivania/prove_progetto/wise-cube/src/mpu/bin/arduino-mega2560/avr_libc_extra/atmega_stdio.o
                0x0000000000002b54                atmega_stdio_init
 .text.led_init
                0x0000000000002b74        0xc /home/giulai/Scrivania/prove_progetto/wise-cube/src/mpu/bin/arduino-mega2560/boards_common_arduino-atmega/led_init.o
                0x0000000000002b74                led_init
 .text.stdio_init
                0x0000000000002b80       0x22 /home/giulai/Scrivania/prove_progetto/wise-cube/src/mpu/bin/arduino-mega2560/stdio_uart/stdio_uart.o
                0x0000000000002b80                stdio_init
 .text.stdio_read
                0x0000000000002ba2        0x6 /home/giulai/Scrivania/prove_progetto/wise-cube/src/mpu/bin/arduino-mega2560/stdio_uart/stdio_uart.o
                0x0000000000002ba2                stdio_read
 .text.stdio_write
                0x0000000000002ba8       0x1a /home/giulai/Scrivania/prove_progetto/wise-cube/src/mpu/bin/arduino-mega2560/stdio_uart/stdio_uart.o
                0x0000000000002ba8                stdio_write
 .text.periph_init
                0x0000000000002bc2        0x8 /home/giulai/Scrivania/prove_progetto/wise-cube/src/mpu/bin/arduino-mega2560/periph_common/init.o
                0x0000000000002bc2                periph_init
 .text.atmega_port_addr
                0x0000000000002bca       0x1c /home/giulai/Scrivania/prove_progetto/wise-cube/src/mpu/bin/arduino-mega2560/atmega_common_periph/gpio.o
 .text.gpio_init
                0x0000000000002be6       0x6a /home/giulai/Scrivania/prove_progetto/wise-cube/src/mpu/bin/arduino-mega2560/atmega_common_periph/gpio.o
                0x0000000000002be6                gpio_init
 .text._rx_isr_handler
                0x0000000000002c50       0x3e /home/giulai/Scrivania/prove_progetto/wise-cube/src/mpu/bin/arduino-mega2560/atmega_common_periph/uart.o
 .text.uart_init
                0x0000000000002c8e       0xb4 /home/giulai/Scrivania/prove_progetto/wise-cube/src/mpu/bin/arduino-mega2560/atmega_common_periph/uart.o
                0x0000000000002c8e                uart_init
 .text.uart_write
                0x0000000000002d42       0x5c /home/giulai/Scrivania/prove_progetto/wise-cube/src/mpu/bin/arduino-mega2560/atmega_common_periph/uart.o
                0x0000000000002d42                uart_write
 .text.__vector_25
                0x0000000000002d9e       0x54 /home/giulai/Scrivania/prove_progetto/wise-cube/src/mpu/bin/arduino-mega2560/atmega_common_periph/uart.o
                0x0000000000002d9e                __vector_25
 .text.__vector_36
                0x0000000000002df2       0x54 /home/giulai/Scrivania/prove_progetto/wise-cube/src/mpu/bin/arduino-mega2560/atmega_common_periph/uart.o
                0x0000000000002df2                __vector_36
 .text.__vector_27
                0x0000000000002e46       0x5c /home/giulai/Scrivania/prove_progetto/wise-cube/src/mpu/bin/arduino-mega2560/atmega_common_periph/uart.o
                0x0000000000002e46                __vector_27
 .text.__vector_38
                0x0000000000002ea2       0x5c /home/giulai/Scrivania/prove_progetto/wise-cube/src/mpu/bin/arduino-mega2560/atmega_common_periph/uart.o
                0x0000000000002ea2                __vector_38
 .text.libgcc.div
                0x0000000000002efe       0x28 /usr/lib/gcc/avr/5.4.0/avr6/libgcc.a(_udivmodhi4.o)
                0x0000000000002efe                __udivmodhi4
 .text.libgcc.div
                0x0000000000002f26       0x28 /usr/lib/gcc/avr/5.4.0/avr6/libgcc.a(_divmodhi4.o)
                0x0000000000002f26                __divmodhi4
                0x0000000000002f26                _div
 .text.libgcc.div
                0x0000000000002f4e       0x44 /usr/lib/gcc/avr/5.4.0/avr6/libgcc.a(_udivmodsi4.o)
                0x0000000000002f4e                __udivmodsi4
 .text.libgcc.builtins
                0x0000000000002f92       0x3c /usr/lib/gcc/avr/5.4.0/avr6/libgcc.a(_ashrdi3.o)
                0x0000000000002f92                __ashrdi3
                0x0000000000002f96                __lshrdi3
 .text.libgcc   0x0000000000002fce       0x12 /usr/lib/gcc/avr/5.4.0/avr6/libgcc.a(_adddi3.o)
                0x0000000000002fce                __adddi3
 .text.avr-libc
                0x0000000000002fe0       0x28 /usr/lib/gcc/avr/5.4.0/../../../avr/lib/avr6/libc.a(printf.o)
                0x0000000000002fe0                printf
 .text.avr-libc
                0x0000000000003008       0x60 /usr/lib/gcc/avr/5.4.0/../../../avr/lib/avr6/libc.a(puts.o)
                0x0000000000003008                puts
 .text.avr-libc
                0x0000000000003068      0x414 /usr/lib/gcc/avr/5.4.0/../../../avr/lib/avr6/libc.a(vfprintf_std.o)
                0x0000000000003068                vfprintf
 .text.avr-libc
                0x000000000000347c       0x16 /usr/lib/gcc/avr/5.4.0/../../../avr/lib/avr6/libc.a(strnlen_P.o)
                0x000000000000347c                strnlen_P
 .text.avr-libc
                0x0000000000003492       0x16 /usr/lib/gcc/avr/5.4.0/../../../avr/lib/avr6/libc.a(strnlen.o)
                0x0000000000003492                strnlen
 .text.avr-libc
                0x00000000000034a8       0x78 /usr/lib/gcc/avr/5.4.0/../../../avr/lib/avr6/libc.a(fputc.o)
                0x00000000000034a8                fputc
 .text.avr-libc
                0x0000000000003520       0xbc /usr/lib/gcc/avr/5.4.0/../../../avr/lib/avr6/libc.a(ultoa_invert.o)
                0x0000000000003520                __ultoa_invert
                0x00000000000035dc                . = ALIGN (0x2)
 *(.fini9)
 .fini9         0x00000000000035dc        0x0 /usr/lib/gcc/avr/5.4.0/avr6/libgcc.a(_exit.o)
                0x00000000000035dc                exit
                0x00000000000035dc                _exit
 *(.fini9)
 *(.fini8)
 *(.fini8)
 *(.fini7)
 *(.fini7)
 *(.fini6)
 *(.fini6)
 *(.fini5)
 *(.fini5)
 *(.fini4)
 *(.fini4)
 *(.fini3)
 *(.fini3)
 *(.fini2)
 *(.fini2)
 *(.fini1)
 *(.fini1)
 *(.fini0)
 .fini0         0x00000000000035dc        0x4 /usr/lib/gcc/avr/5.4.0/avr6/libgcc.a(_exit.o)
 *(.fini0)
                0x00000000000035e0                _etext = .

.data           0x0000000000800200      0x1ba load address 0x00000000000035e0
                0x0000000000800200                PROVIDE (__data_start, .)
 *(.data)
 .data          0x0000000000800200        0x6 /usr/lib/gcc/avr/5.4.0/../../../avr/lib/avr6/libc.a(malloc.o)
                0x0000000000800200                __malloc_heap_end
                0x0000000000800202                __malloc_heap_start
                0x0000000000800204                __malloc_margin
 *(.data*)
 .data.ctx      0x0000000000800206       0x18 /home/giulai/Scrivania/prove_progetto/wise-cube/src/mpu/bin/arduino-mega2560/atmega_common_periph/timer.o
 .data._uart_stdin
                0x000000000080021e        0xe /home/giulai/Scrivania/prove_progetto/wise-cube/src/mpu/bin/arduino-mega2560/avr_libc_extra/atmega_stdio.o
 .data._uart_stdout
                0x000000000080022c        0xe /home/giulai/Scrivania/prove_progetto/wise-cube/src/mpu/bin/arduino-mega2560/avr_libc_extra/atmega_stdio.o
 *(.rodata)
 .rodata        0x000000000080023a       0x11 /home/giulai/Scrivania/prove_progetto/wise-cube/src/mpu/bin/arduino-mega2560/application_i2c_MPU/main.o
 *(.rodata*)
 .rodata.str1.1
                0x000000000080024b       0xc1 /home/giulai/Scrivania/prove_progetto/wise-cube/src/mpu/bin/arduino-mega2560/application_i2c_MPU/main.o
 .rodata.str1.1
                0x000000000080030c       0x45 /home/giulai/Scrivania/prove_progetto/wise-cube/src/mpu/bin/arduino-mega2560/core/init.o
 .rodata.str1.1
                0x0000000000800351       0x41 /home/giulai/Scrivania/prove_progetto/wise-cube/src/mpu/bin/arduino-mega2560/core/panic.o
 .rodata.assert_crash_message
                0x0000000000800392       0x12 /home/giulai/Scrivania/prove_progetto/wise-cube/src/mpu/bin/arduino-mega2560/core/panic.o
                0x0000000000800392                assert_crash_message
 .rodata.DEFAULT_STATUS
                0x00000000008003a4        0xb /home/giulai/Scrivania/prove_progetto/wise-cube/src/mpu/bin/arduino-mega2560/mpu9x50/mpu9x50.o
 .rodata.prescalers
                0x00000000008003af        0x5 /home/giulai/Scrivania/prove_progetto/wise-cube/src/mpu/bin/arduino-mega2560/atmega_common_periph/timer.o
 .rodata.str1.1
                0x00000000008003b4        0x2 /home/giulai/Scrivania/prove_progetto/wise-cube/src/mpu/bin/arduino-mega2560/avr_libc_extra/atmega_stdio.o
 .rodata.dev    0x00000000008003b6        0x4 /home/giulai/Scrivania/prove_progetto/wise-cube/src/mpu/bin/arduino-mega2560/atmega_common_periph/uart.o
 *(.gnu.linkonce.d*)
                0x00000000008003ba                . = ALIGN (0x2)
                0x00000000008003ba                _edata = .
                0x00000000008003ba                PROVIDE (__data_end, .)

.bss            0x00000000008003ba      0x396
                0x00000000008003ba                PROVIDE (__bss_start, .)
 *(.bss)
 *(.bss*)
 .bss.locks     0x00000000008003ba        0x2 /home/giulai/Scrivania/prove_progetto/wise-cube/src/mpu/bin/arduino-mega2560/atmega_common_periph/i2c.o
 .bss.idle_stack
                0x00000000008003bc       0x80 /home/giulai/Scrivania/prove_progetto/wise-cube/src/mpu/bin/arduino-mega2560/core/init.o
 .bss.main_stack
                0x000000000080043c      0x280 /home/giulai/Scrivania/prove_progetto/wise-cube/src/mpu/bin/arduino-mega2560/core/init.o
 .bss.crashed   0x00000000008006bc        0x2 /home/giulai/Scrivania/prove_progetto/wise-cube/src/mpu/bin/arduino-mega2560/core/panic.o
 .bss.runqueue_bitcache
                0x00000000008006be        0x4 /home/giulai/Scrivania/prove_progetto/wise-cube/src/mpu/bin/arduino-mega2560/core/sched.o
 .bss.sched_runqueues
                0x00000000008006c2       0x20 /home/giulai/Scrivania/prove_progetto/wise-cube/src/mpu/bin/arduino-mega2560/core/sched.o
                0x00000000008006c2                sched_runqueues
 .bss.sched_context_switch_request
                0x00000000008006e2        0x2 /home/giulai/Scrivania/prove_progetto/wise-cube/src/mpu/bin/arduino-mega2560/core/sched.o
                0x00000000008006e2                sched_context_switch_request
 .bss.sched_active_thread
                0x00000000008006e4        0x2 /home/giulai/Scrivania/prove_progetto/wise-cube/src/mpu/bin/arduino-mega2560/core/sched.o
                0x00000000008006e4                sched_active_thread
 .bss.sched_num_threads
                0x00000000008006e6        0x2 /home/giulai/Scrivania/prove_progetto/wise-cube/src/mpu/bin/arduino-mega2560/core/sched.o
                0x00000000008006e6                sched_num_threads
 .bss.sched_threads
                0x00000000008006e8       0x42 /home/giulai/Scrivania/prove_progetto/wise-cube/src/mpu/bin/arduino-mega2560/core/sched.o
                0x00000000008006e8                sched_threads
 .bss.sched_active_pid
                0x000000000080072a        0x2 /home/giulai/Scrivania/prove_progetto/wise-cube/src/mpu/bin/arduino-mega2560/core/sched.o
                0x000000000080072a                sched_active_pid
 .bss._lltimer_ongoing
                0x000000000080072c        0x1 /home/giulai/Scrivania/prove_progetto/wise-cube/src/mpu/bin/arduino-mega2560/xtimer/xtimer_core.o
 .bss.long_list_head
                0x000000000080072d        0x2 /home/giulai/Scrivania/prove_progetto/wise-cube/src/mpu/bin/arduino-mega2560/xtimer/xtimer_core.o
 .bss.timer_list_head
                0x000000000080072f        0x2 /home/giulai/Scrivania/prove_progetto/wise-cube/src/mpu/bin/arduino-mega2560/xtimer/xtimer_core.o
 .bss._xtimer_current_time
                0x0000000000800731        0x8 /home/giulai/Scrivania/prove_progetto/wise-cube/src/mpu/bin/arduino-mega2560/xtimer/xtimer_core.o
                0x0000000000800731                _xtimer_current_time
 .bss._in_handler
                0x0000000000800739        0x2 /home/giulai/Scrivania/prove_progetto/wise-cube/src/mpu/bin/arduino-mega2560/xtimer/xtimer_core.o
 .bss.atmega_state
                0x000000000080073b        0x1 /home/giulai/Scrivania/prove_progetto/wise-cube/src/mpu/bin/arduino-mega2560/atmega_common/cpu.o
                0x000000000080073b                atmega_state
 .bss._oneshot  0x000000000080073c        0x2 /home/giulai/Scrivania/prove_progetto/wise-cube/src/mpu/bin/arduino-mega2560/atmega_common_periph/timer.o
 .bss.isr_ctx   0x000000000080073e        0x8 /home/giulai/Scrivania/prove_progetto/wise-cube/src/mpu/bin/arduino-mega2560/atmega_common_periph/uart.o
 *(COMMON)
 COMMON         0x0000000000800746        0x4 /usr/lib/gcc/avr/5.4.0/../../../avr/lib/avr6/libc.a(malloc.o)
                0x0000000000800746                __brkval
                0x0000000000800748                __flp
 COMMON         0x000000000080074a        0x6 /usr/lib/gcc/avr/5.4.0/../../../avr/lib/avr6/libc.a(iob.o)
                0x000000000080074a                __iob
                0x0000000000800750                PROVIDE (__bss_end, .)
                0x00000000000035e0                __data_load_start = LOADADDR (.data)
                0x000000000000379a                __data_load_end = (__data_load_start + SIZEOF (.data))

.noinit         0x0000000000800750        0x2
                [!provide]                        PROVIDE (__noinit_start, .)
 *(.noinit*)
 .noinit        0x0000000000800750        0x2 /home/giulai/Scrivania/prove_progetto/wise-cube/src/mpu/bin/arduino-mega2560/atmega_common/cpu.o
                0x0000000000800750                soft_rst
                0x0000000000800751                mcusr_mirror
                [!provide]                        PROVIDE (__noinit_end, .)
                0x0000000000800752                _end = .
                0x0000000000800752                PROVIDE (__heap_start, .)

.eeprom         0x0000000000810000        0x0
 *(.eeprom*)
                0x0000000000810000                __eeprom_end = .

.fuse
 *(.fuse)
 *(.lfuse)
 *(.hfuse)
 *(.efuse)

.lock
 *(.lock*)

.signature
 *(.signature*)

.user_signatures
 *(.user_signatures*)

.stab
 *(.stab)

.stabstr
 *(.stabstr)

.stab.excl
 *(.stab.excl)

.stab.exclstr
 *(.stab.exclstr)

.stab.index
 *(.stab.index)

.stab.indexstr
 *(.stab.indexstr)

.comment        0x0000000000000000       0x11
 *(.comment)
 .comment       0x0000000000000000       0x11 /home/giulai/Scrivania/prove_progetto/wise-cube/src/mpu/bin/arduino-mega2560/atmega_common/startup.o
                                         0x12 (size before relaxing)
 .comment       0x0000000000000011       0x12 /home/giulai/Scrivania/prove_progetto/wise-cube/src/mpu/bin/arduino-mega2560/application_i2c_MPU/main.o
 .comment       0x0000000000000011       0x12 /home/giulai/Scrivania/prove_progetto/wise-cube/src/mpu/bin/arduino-mega2560/atmega_common_periph/i2c.o
 .comment       0x0000000000000011       0x12 /home/giulai/Scrivania/prove_progetto/wise-cube/src/mpu/bin/arduino-mega2560/boards_common_atmega/board.o
 .comment       0x0000000000000011       0x12 /home/giulai/Scrivania/prove_progetto/wise-cube/src/mpu/bin/arduino-mega2560/core/init.o
 .comment       0x0000000000000011       0x12 /home/giulai/Scrivania/prove_progetto/wise-cube/src/mpu/bin/arduino-mega2560/core/mutex.o
 .comment       0x0000000000000011       0x12 /home/giulai/Scrivania/prove_progetto/wise-cube/src/mpu/bin/arduino-mega2560/core/panic.o
 .comment       0x0000000000000011       0x12 /home/giulai/Scrivania/prove_progetto/wise-cube/src/mpu/bin/arduino-mega2560/core/sched.o
 .comment       0x0000000000000011       0x12 /home/giulai/Scrivania/prove_progetto/wise-cube/src/mpu/bin/arduino-mega2560/core/thread.o
 .comment       0x0000000000000011       0x12 /home/giulai/Scrivania/prove_progetto/wise-cube/src/mpu/bin/arduino-mega2560/mpu9x50/mpu9x50.o
 .comment       0x0000000000000011       0x12 /home/giulai/Scrivania/prove_progetto/wise-cube/src/mpu/bin/arduino-mega2560/xtimer/xtimer.o
 .comment       0x0000000000000011       0x12 /home/giulai/Scrivania/prove_progetto/wise-cube/src/mpu/bin/arduino-mega2560/xtimer/xtimer_core.o
 .comment       0x0000000000000011       0x12 /home/giulai/Scrivania/prove_progetto/wise-cube/src/mpu/bin/arduino-mega2560/periph_common/pm.o
 .comment       0x0000000000000011       0x12 /home/giulai/Scrivania/prove_progetto/wise-cube/src/mpu/bin/arduino-mega2560/periph_common/i2c.o
 .comment       0x0000000000000011       0x12 /home/giulai/Scrivania/prove_progetto/wise-cube/src/mpu/bin/arduino-mega2560/atmega_common/thread_arch.o
 .comment       0x0000000000000011       0x12 /home/giulai/Scrivania/prove_progetto/wise-cube/src/mpu/bin/arduino-mega2560/atmega_common/cpu.o
 .comment       0x0000000000000011       0x12 /home/giulai/Scrivania/prove_progetto/wise-cube/src/mpu/bin/arduino-mega2560/atmega_common_periph/timer.o
 .comment       0x0000000000000011       0x12 /home/giulai/Scrivania/prove_progetto/wise-cube/src/mpu/bin/arduino-mega2560/auto_init/auto_init.o
 .comment       0x0000000000000011       0x12 /home/giulai/Scrivania/prove_progetto/wise-cube/src/mpu/bin/arduino-mega2560/avr_libc_extra/atmega_stdio.o
 .comment       0x0000000000000011       0x12 /home/giulai/Scrivania/prove_progetto/wise-cube/src/mpu/bin/arduino-mega2560/boards_common_arduino-atmega/led_init.o
 .comment       0x0000000000000011       0x12 /home/giulai/Scrivania/prove_progetto/wise-cube/src/mpu/bin/arduino-mega2560/stdio_uart/stdio_uart.o
 .comment       0x0000000000000011       0x12 /home/giulai/Scrivania/prove_progetto/wise-cube/src/mpu/bin/arduino-mega2560/periph_common/init.o
 .comment       0x0000000000000011       0x12 /home/giulai/Scrivania/prove_progetto/wise-cube/src/mpu/bin/arduino-mega2560/atmega_common_periph/gpio.o
 .comment       0x0000000000000011       0x12 /home/giulai/Scrivania/prove_progetto/wise-cube/src/mpu/bin/arduino-mega2560/atmega_common_periph/uart.o
 .comment       0x0000000000000011       0x12 /usr/lib/gcc/avr/5.4.0/../../../avr/lib/avr6/libc.a(malloc.o)
 .comment       0x0000000000000011       0x12 /usr/lib/gcc/avr/5.4.0/../../../avr/lib/avr6/libc.a(iob.o)
 .comment       0x0000000000000011       0x12 /usr/lib/gcc/avr/5.4.0/../../../avr/lib/avr6/libc.a(printf.o)
 .comment       0x0000000000000011       0x12 /usr/lib/gcc/avr/5.4.0/../../../avr/lib/avr6/libc.a(puts.o)
 .comment       0x0000000000000011       0x12 /usr/lib/gcc/avr/5.4.0/../../../avr/lib/avr6/libc.a(vfprintf_std.o)
 .comment       0x0000000000000011       0x12 /usr/lib/gcc/avr/5.4.0/../../../avr/lib/avr6/libc.a(fputc.o)

.note.gnu.avr.deviceinfo
                0x0000000000000000       0x40
 .note.gnu.avr.deviceinfo
                0x0000000000000000       0x40 /usr/lib/gcc/avr/5.4.0/../../../avr/lib/avr6/crtatmega2560.o

.note.gnu.build-id
 *(.note.gnu.build-id)

.debug
 *(.debug)

.line
 *(.line)

.debug_srcinfo
 *(.debug_srcinfo)

.debug_sfnames
 *(.debug_sfnames)

.debug_aranges  0x0000000000000000      0x668
 *(.debug_aranges)
 .debug_aranges
                0x0000000000000000       0x30 /home/giulai/Scrivania/prove_progetto/wise-cube/src/mpu/bin/arduino-mega2560/atmega_common/startup.o
 .debug_aranges
                0x0000000000000030       0x28 /home/giulai/Scrivania/prove_progetto/wise-cube/src/mpu/bin/arduino-mega2560/application_i2c_MPU/main.o
 .debug_aranges
                0x0000000000000058       0x50 /home/giulai/Scrivania/prove_progetto/wise-cube/src/mpu/bin/arduino-mega2560/atmega_common_periph/i2c.o
 .debug_aranges
                0x00000000000000a8       0x20 /home/giulai/Scrivania/prove_progetto/wise-cube/src/mpu/bin/arduino-mega2560/boards_common_atmega/board.o
 .debug_aranges
                0x00000000000000c8       0x30 /home/giulai/Scrivania/prove_progetto/wise-cube/src/mpu/bin/arduino-mega2560/core/init.o
 .debug_aranges
                0x00000000000000f8       0x30 /home/giulai/Scrivania/prove_progetto/wise-cube/src/mpu/bin/arduino-mega2560/core/mutex.o
 .debug_aranges
                0x0000000000000128       0x28 /home/giulai/Scrivania/prove_progetto/wise-cube/src/mpu/bin/arduino-mega2560/core/panic.o
 .debug_aranges
                0x0000000000000150       0x38 /home/giulai/Scrivania/prove_progetto/wise-cube/src/mpu/bin/arduino-mega2560/core/sched.o
 .debug_aranges
                0x0000000000000188       0x70 /home/giulai/Scrivania/prove_progetto/wise-cube/src/mpu/bin/arduino-mega2560/core/thread.o
 .debug_aranges
                0x00000000000001f8       0x80 /home/giulai/Scrivania/prove_progetto/wise-cube/src/mpu/bin/arduino-mega2560/mpu9x50/mpu9x50.o
 .debug_aranges
                0x0000000000000278       0xa8 /home/giulai/Scrivania/prove_progetto/wise-cube/src/mpu/bin/arduino-mega2560/xtimer/xtimer.o
 .debug_aranges
                0x0000000000000320       0x60 /home/giulai/Scrivania/prove_progetto/wise-cube/src/mpu/bin/arduino-mega2560/xtimer/xtimer_core.o
 .debug_aranges
                0x0000000000000380       0x28 /home/giulai/Scrivania/prove_progetto/wise-cube/src/mpu/bin/arduino-mega2560/periph_common/pm.o
 .debug_aranges
                0x00000000000003a8       0x48 /home/giulai/Scrivania/prove_progetto/wise-cube/src/mpu/bin/arduino-mega2560/periph_common/i2c.o
 .debug_aranges
                0x00000000000003f0       0x40 /home/giulai/Scrivania/prove_progetto/wise-cube/src/mpu/bin/arduino-mega2560/atmega_common/thread_arch.o
 .debug_aranges
                0x0000000000000430       0x40 /home/giulai/Scrivania/prove_progetto/wise-cube/src/mpu/bin/arduino-mega2560/atmega_common/cpu.o
 .debug_aranges
                0x0000000000000470       0x90 /home/giulai/Scrivania/prove_progetto/wise-cube/src/mpu/bin/arduino-mega2560/atmega_common_periph/timer.o
 .debug_aranges
                0x0000000000000500       0x20 /home/giulai/Scrivania/prove_progetto/wise-cube/src/mpu/bin/arduino-mega2560/auto_init/auto_init.o
 .debug_aranges
                0x0000000000000520       0x30 /home/giulai/Scrivania/prove_progetto/wise-cube/src/mpu/bin/arduino-mega2560/avr_libc_extra/atmega_stdio.o
 .debug_aranges
                0x0000000000000550       0x20 /home/giulai/Scrivania/prove_progetto/wise-cube/src/mpu/bin/arduino-mega2560/boards_common_arduino-atmega/led_init.o
 .debug_aranges
                0x0000000000000570       0x30 /home/giulai/Scrivania/prove_progetto/wise-cube/src/mpu/bin/arduino-mega2560/stdio_uart/stdio_uart.o
 .debug_aranges
                0x00000000000005a0       0x20 /home/giulai/Scrivania/prove_progetto/wise-cube/src/mpu/bin/arduino-mega2560/periph_common/init.o
 .debug_aranges
                0x00000000000005c0       0x50 /home/giulai/Scrivania/prove_progetto/wise-cube/src/mpu/bin/arduino-mega2560/atmega_common_periph/gpio.o
 .debug_aranges
                0x0000000000000610       0x58 /home/giulai/Scrivania/prove_progetto/wise-cube/src/mpu/bin/arduino-mega2560/atmega_common_periph/uart.o

.debug_pubnames
 *(.debug_pubnames)

.debug_info     0x0000000000000000     0xc7be
 *(.debug_info .gnu.linkonce.wi.*)
 .debug_info    0x0000000000000000      0xbbc /usr/lib/gcc/avr/5.4.0/../../../avr/lib/avr6/crtatmega2560.o
 .debug_info    0x0000000000000bbc      0x264 /home/giulai/Scrivania/prove_progetto/wise-cube/src/mpu/bin/arduino-mega2560/atmega_common/startup.o
 .debug_info    0x0000000000000e20      0x767 /home/giulai/Scrivania/prove_progetto/wise-cube/src/mpu/bin/arduino-mega2560/application_i2c_MPU/main.o
 .debug_info    0x0000000000001587      0x971 /home/giulai/Scrivania/prove_progetto/wise-cube/src/mpu/bin/arduino-mega2560/atmega_common_periph/i2c.o
 .debug_info    0x0000000000001ef8      0x2f6 /home/giulai/Scrivania/prove_progetto/wise-cube/src/mpu/bin/arduino-mega2560/boards_common_atmega/board.o
 .debug_info    0x00000000000021ee      0x44a /home/giulai/Scrivania/prove_progetto/wise-cube/src/mpu/bin/arduino-mega2560/core/init.o
 .debug_info    0x0000000000002638      0x787 /home/giulai/Scrivania/prove_progetto/wise-cube/src/mpu/bin/arduino-mega2560/core/mutex.o
 .debug_info    0x0000000000002dbf      0x3c5 /home/giulai/Scrivania/prove_progetto/wise-cube/src/mpu/bin/arduino-mega2560/core/panic.o
 .debug_info    0x0000000000003184      0x71a /home/giulai/Scrivania/prove_progetto/wise-cube/src/mpu/bin/arduino-mega2560/core/sched.o
 .debug_info    0x000000000000389e      0xd53 /home/giulai/Scrivania/prove_progetto/wise-cube/src/mpu/bin/arduino-mega2560/core/thread.o
 .debug_info    0x00000000000045f1     0x196e /home/giulai/Scrivania/prove_progetto/wise-cube/src/mpu/bin/arduino-mega2560/mpu9x50/mpu9x50.o
 .debug_info    0x0000000000005f5f     0x1936 /home/giulai/Scrivania/prove_progetto/wise-cube/src/mpu/bin/arduino-mega2560/xtimer/xtimer.o
 .debug_info    0x0000000000007895      0xe90 /home/giulai/Scrivania/prove_progetto/wise-cube/src/mpu/bin/arduino-mega2560/xtimer/xtimer_core.o
 .debug_info    0x0000000000008725      0x25e /home/giulai/Scrivania/prove_progetto/wise-cube/src/mpu/bin/arduino-mega2560/periph_common/pm.o
 .debug_info    0x0000000000008983      0x8eb /home/giulai/Scrivania/prove_progetto/wise-cube/src/mpu/bin/arduino-mega2560/periph_common/i2c.o
 .debug_info    0x000000000000926e      0x7ad /home/giulai/Scrivania/prove_progetto/wise-cube/src/mpu/bin/arduino-mega2560/atmega_common/thread_arch.o
 .debug_info    0x0000000000009a1b      0x67f /home/giulai/Scrivania/prove_progetto/wise-cube/src/mpu/bin/arduino-mega2560/atmega_common/cpu.o
 .debug_info    0x000000000000a09a      0xccf /home/giulai/Scrivania/prove_progetto/wise-cube/src/mpu/bin/arduino-mega2560/atmega_common_periph/timer.o
 .debug_info    0x000000000000ad69       0xe0 /home/giulai/Scrivania/prove_progetto/wise-cube/src/mpu/bin/arduino-mega2560/auto_init/auto_init.o
 .debug_info    0x000000000000ae49      0x421 /home/giulai/Scrivania/prove_progetto/wise-cube/src/mpu/bin/arduino-mega2560/avr_libc_extra/atmega_stdio.o
 .debug_info    0x000000000000b26a      0x25d /home/giulai/Scrivania/prove_progetto/wise-cube/src/mpu/bin/arduino-mega2560/boards_common_arduino-atmega/led_init.o
 .debug_info    0x000000000000b4c7      0x363 /home/giulai/Scrivania/prove_progetto/wise-cube/src/mpu/bin/arduino-mega2560/stdio_uart/stdio_uart.o
 .debug_info    0x000000000000b82a      0x241 /home/giulai/Scrivania/prove_progetto/wise-cube/src/mpu/bin/arduino-mega2560/periph_common/init.o
 .debug_info    0x000000000000ba6b      0x5b6 /home/giulai/Scrivania/prove_progetto/wise-cube/src/mpu/bin/arduino-mega2560/atmega_common_periph/gpio.o
 .debug_info    0x000000000000c021      0x79d /home/giulai/Scrivania/prove_progetto/wise-cube/src/mpu/bin/arduino-mega2560/atmega_common_periph/uart.o

.debug_abbrev   0x0000000000000000     0x42da
 *(.debug_abbrev)
 .debug_abbrev  0x0000000000000000      0xb1a /usr/lib/gcc/avr/5.4.0/../../../avr/lib/avr6/crtatmega2560.o
 .debug_abbrev  0x0000000000000b1a      0x139 /home/giulai/Scrivania/prove_progetto/wise-cube/src/mpu/bin/arduino-mega2560/atmega_common/startup.o
 .debug_abbrev  0x0000000000000c53      0x23f /home/giulai/Scrivania/prove_progetto/wise-cube/src/mpu/bin/arduino-mega2560/application_i2c_MPU/main.o
 .debug_abbrev  0x0000000000000e92      0x31c /home/giulai/Scrivania/prove_progetto/wise-cube/src/mpu/bin/arduino-mega2560/atmega_common_periph/i2c.o
 .debug_abbrev  0x00000000000011ae      0x184 /home/giulai/Scrivania/prove_progetto/wise-cube/src/mpu/bin/arduino-mega2560/boards_common_atmega/board.o
 .debug_abbrev  0x0000000000001332      0x1ff /home/giulai/Scrivania/prove_progetto/wise-cube/src/mpu/bin/arduino-mega2560/core/init.o
 .debug_abbrev  0x0000000000001531      0x250 /home/giulai/Scrivania/prove_progetto/wise-cube/src/mpu/bin/arduino-mega2560/core/mutex.o
 .debug_abbrev  0x0000000000001781      0x1db /home/giulai/Scrivania/prove_progetto/wise-cube/src/mpu/bin/arduino-mega2560/core/panic.o
 .debug_abbrev  0x000000000000195c      0x2b3 /home/giulai/Scrivania/prove_progetto/wise-cube/src/mpu/bin/arduino-mega2560/core/sched.o
 .debug_abbrev  0x0000000000001c0f      0x2f1 /home/giulai/Scrivania/prove_progetto/wise-cube/src/mpu/bin/arduino-mega2560/core/thread.o
 .debug_abbrev  0x0000000000001f00      0x3b2 /home/giulai/Scrivania/prove_progetto/wise-cube/src/mpu/bin/arduino-mega2560/mpu9x50/mpu9x50.o
 .debug_abbrev  0x00000000000022b2      0x417 /home/giulai/Scrivania/prove_progetto/wise-cube/src/mpu/bin/arduino-mega2560/xtimer/xtimer.o
 .debug_abbrev  0x00000000000026c9      0x3fc /home/giulai/Scrivania/prove_progetto/wise-cube/src/mpu/bin/arduino-mega2560/xtimer/xtimer_core.o
 .debug_abbrev  0x0000000000002ac5      0x150 /home/giulai/Scrivania/prove_progetto/wise-cube/src/mpu/bin/arduino-mega2560/periph_common/pm.o
 .debug_abbrev  0x0000000000002c15      0x277 /home/giulai/Scrivania/prove_progetto/wise-cube/src/mpu/bin/arduino-mega2560/periph_common/i2c.o
 .debug_abbrev  0x0000000000002e8c      0x2b7 /home/giulai/Scrivania/prove_progetto/wise-cube/src/mpu/bin/arduino-mega2560/atmega_common/thread_arch.o
 .debug_abbrev  0x0000000000003143      0x26a /home/giulai/Scrivania/prove_progetto/wise-cube/src/mpu/bin/arduino-mega2560/atmega_common/cpu.o
 .debug_abbrev  0x00000000000033ad      0x371 /home/giulai/Scrivania/prove_progetto/wise-cube/src/mpu/bin/arduino-mega2560/atmega_common_periph/timer.o
 .debug_abbrev  0x000000000000371e       0x99 /home/giulai/Scrivania/prove_progetto/wise-cube/src/mpu/bin/arduino-mega2560/auto_init/auto_init.o
 .debug_abbrev  0x00000000000037b7      0x1f3 /home/giulai/Scrivania/prove_progetto/wise-cube/src/mpu/bin/arduino-mega2560/avr_libc_extra/atmega_stdio.o
 .debug_abbrev  0x00000000000039aa      0x128 /home/giulai/Scrivania/prove_progetto/wise-cube/src/mpu/bin/arduino-mega2560/boards_common_arduino-atmega/led_init.o
 .debug_abbrev  0x0000000000003ad2      0x1c1 /home/giulai/Scrivania/prove_progetto/wise-cube/src/mpu/bin/arduino-mega2560/stdio_uart/stdio_uart.o
 .debug_abbrev  0x0000000000003c93      0x13a /home/giulai/Scrivania/prove_progetto/wise-cube/src/mpu/bin/arduino-mega2560/periph_common/init.o
 .debug_abbrev  0x0000000000003dcd      0x222 /home/giulai/Scrivania/prove_progetto/wise-cube/src/mpu/bin/arduino-mega2560/atmega_common_periph/gpio.o
 .debug_abbrev  0x0000000000003fef      0x2eb /home/giulai/Scrivania/prove_progetto/wise-cube/src/mpu/bin/arduino-mega2560/atmega_common_periph/uart.o

.debug_line     0x0000000000000000     0xb996
 *(.debug_line .debug_line.* .debug_line_end)
 .debug_line    0x0000000000000000       0x1a /usr/lib/gcc/avr/5.4.0/../../../avr/lib/avr6/crtatmega2560.o
 .debug_line    0x000000000000001a      0x692 /home/giulai/Scrivania/prove_progetto/wise-cube/src/mpu/bin/arduino-mega2560/atmega_common/startup.o
 .debug_line    0x00000000000006ac      0x985 /home/giulai/Scrivania/prove_progetto/wise-cube/src/mpu/bin/arduino-mega2560/application_i2c_MPU/main.o
 .debug_line    0x0000000000001031      0x88d /home/giulai/Scrivania/prove_progetto/wise-cube/src/mpu/bin/arduino-mega2560/atmega_common_periph/i2c.o
 .debug_line    0x00000000000018be      0x68c /home/giulai/Scrivania/prove_progetto/wise-cube/src/mpu/bin/arduino-mega2560/boards_common_atmega/board.o
 .debug_line    0x0000000000001f4a      0x6aa /home/giulai/Scrivania/prove_progetto/wise-cube/src/mpu/bin/arduino-mega2560/core/init.o
 .debug_line    0x00000000000025f4      0x5a2 /home/giulai/Scrivania/prove_progetto/wise-cube/src/mpu/bin/arduino-mega2560/core/mutex.o
 .debug_line    0x0000000000002b96      0x64e /home/giulai/Scrivania/prove_progetto/wise-cube/src/mpu/bin/arduino-mega2560/core/panic.o
 .debug_line    0x00000000000031e4      0x5e1 /home/giulai/Scrivania/prove_progetto/wise-cube/src/mpu/bin/arduino-mega2560/core/sched.o
 .debug_line    0x00000000000037c5      0x806 /home/giulai/Scrivania/prove_progetto/wise-cube/src/mpu/bin/arduino-mega2560/core/thread.o
 .debug_line    0x0000000000003fcb      0xef1 /home/giulai/Scrivania/prove_progetto/wise-cube/src/mpu/bin/arduino-mega2560/mpu9x50/mpu9x50.o
 .debug_line    0x0000000000004ebc      0xc62 /home/giulai/Scrivania/prove_progetto/wise-cube/src/mpu/bin/arduino-mega2560/xtimer/xtimer.o
 .debug_line    0x0000000000005b1e      0xaf6 /home/giulai/Scrivania/prove_progetto/wise-cube/src/mpu/bin/arduino-mega2560/xtimer/xtimer_core.o
 .debug_line    0x0000000000006614      0x600 /home/giulai/Scrivania/prove_progetto/wise-cube/src/mpu/bin/arduino-mega2560/periph_common/pm.o
 .debug_line    0x0000000000006c14      0x7ed /home/giulai/Scrivania/prove_progetto/wise-cube/src/mpu/bin/arduino-mega2560/periph_common/i2c.o
 .debug_line    0x0000000000007401      0x824 /home/giulai/Scrivania/prove_progetto/wise-cube/src/mpu/bin/arduino-mega2560/atmega_common/thread_arch.o
 .debug_line    0x0000000000007c25      0x744 /home/giulai/Scrivania/prove_progetto/wise-cube/src/mpu/bin/arduino-mega2560/atmega_common/cpu.o
 .debug_line    0x0000000000008369      0x9c2 /home/giulai/Scrivania/prove_progetto/wise-cube/src/mpu/bin/arduino-mega2560/atmega_common_periph/timer.o
 .debug_line    0x0000000000008d2b      0x258 /home/giulai/Scrivania/prove_progetto/wise-cube/src/mpu/bin/arduino-mega2560/auto_init/auto_init.o
 .debug_line    0x0000000000008f83      0x71b /home/giulai/Scrivania/prove_progetto/wise-cube/src/mpu/bin/arduino-mega2560/avr_libc_extra/atmega_stdio.o
 .debug_line    0x000000000000969e      0x666 /home/giulai/Scrivania/prove_progetto/wise-cube/src/mpu/bin/arduino-mega2560/boards_common_arduino-atmega/led_init.o
 .debug_line    0x0000000000009d04      0x742 /home/giulai/Scrivania/prove_progetto/wise-cube/src/mpu/bin/arduino-mega2560/stdio_uart/stdio_uart.o
 .debug_line    0x000000000000a446      0x5de /home/giulai/Scrivania/prove_progetto/wise-cube/src/mpu/bin/arduino-mega2560/periph_common/init.o
 .debug_line    0x000000000000aa24      0x7dd /home/giulai/Scrivania/prove_progetto/wise-cube/src/mpu/bin/arduino-mega2560/atmega_common_periph/gpio.o
 .debug_line    0x000000000000b201      0x795 /home/giulai/Scrivania/prove_progetto/wise-cube/src/mpu/bin/arduino-mega2560/atmega_common_periph/uart.o

.debug_frame    0x0000000000000000     0x18a0
 *(.debug_frame)
 .debug_frame   0x0000000000000000       0x44 /home/giulai/Scrivania/prove_progetto/wise-cube/src/mpu/bin/arduino-mega2560/atmega_common/startup.o
 .debug_frame   0x0000000000000044       0x94 /home/giulai/Scrivania/prove_progetto/wise-cube/src/mpu/bin/arduino-mega2560/application_i2c_MPU/main.o
 .debug_frame   0x00000000000000d8       0xcc /home/giulai/Scrivania/prove_progetto/wise-cube/src/mpu/bin/arduino-mega2560/atmega_common_periph/i2c.o
 .debug_frame   0x00000000000001a4       0x24 /home/giulai/Scrivania/prove_progetto/wise-cube/src/mpu/bin/arduino-mega2560/boards_common_atmega/board.o
 .debug_frame   0x00000000000001c8       0x50 /home/giulai/Scrivania/prove_progetto/wise-cube/src/mpu/bin/arduino-mega2560/core/init.o
 .debug_frame   0x0000000000000218       0x8c /home/giulai/Scrivania/prove_progetto/wise-cube/src/mpu/bin/arduino-mega2560/core/mutex.o
 .debug_frame   0x00000000000002a4       0x58 /home/giulai/Scrivania/prove_progetto/wise-cube/src/mpu/bin/arduino-mega2560/core/panic.o
 .debug_frame   0x00000000000002fc       0x68 /home/giulai/Scrivania/prove_progetto/wise-cube/src/mpu/bin/arduino-mega2560/core/sched.o
 .debug_frame   0x0000000000000364      0x138 /home/giulai/Scrivania/prove_progetto/wise-cube/src/mpu/bin/arduino-mega2560/core/thread.o
 .debug_frame   0x000000000000049c      0x378 /home/giulai/Scrivania/prove_progetto/wise-cube/src/mpu/bin/arduino-mega2560/mpu9x50/mpu9x50.o
 .debug_frame   0x0000000000000814      0x46c /home/giulai/Scrivania/prove_progetto/wise-cube/src/mpu/bin/arduino-mega2560/xtimer/xtimer.o
 .debug_frame   0x0000000000000c80      0x218 /home/giulai/Scrivania/prove_progetto/wise-cube/src/mpu/bin/arduino-mega2560/xtimer/xtimer_core.o
 .debug_frame   0x0000000000000e98       0x34 /home/giulai/Scrivania/prove_progetto/wise-cube/src/mpu/bin/arduino-mega2560/periph_common/pm.o
 .debug_frame   0x0000000000000ecc      0x154 /home/giulai/Scrivania/prove_progetto/wise-cube/src/mpu/bin/arduino-mega2560/periph_common/i2c.o
 .debug_frame   0x0000000000001020       0xbc /home/giulai/Scrivania/prove_progetto/wise-cube/src/mpu/bin/arduino-mega2560/atmega_common/thread_arch.o
 .debug_frame   0x00000000000010dc       0x8c /home/giulai/Scrivania/prove_progetto/wise-cube/src/mpu/bin/arduino-mega2560/atmega_common/cpu.o
 .debug_frame   0x0000000000001168      0x36c /home/giulai/Scrivania/prove_progetto/wise-cube/src/mpu/bin/arduino-mega2560/atmega_common_periph/timer.o
 .debug_frame   0x00000000000014d4       0x24 /home/giulai/Scrivania/prove_progetto/wise-cube/src/mpu/bin/arduino-mega2560/auto_init/auto_init.o
 .debug_frame   0x00000000000014f8       0x64 /home/giulai/Scrivania/prove_progetto/wise-cube/src/mpu/bin/arduino-mega2560/avr_libc_extra/atmega_stdio.o
 .debug_frame   0x000000000000155c       0x24 /home/giulai/Scrivania/prove_progetto/wise-cube/src/mpu/bin/arduino-mega2560/boards_common_arduino-atmega/led_init.o
 .debug_frame   0x0000000000001580       0x5c /home/giulai/Scrivania/prove_progetto/wise-cube/src/mpu/bin/arduino-mega2560/stdio_uart/stdio_uart.o
 .debug_frame   0x00000000000015dc       0x24 /home/giulai/Scrivania/prove_progetto/wise-cube/src/mpu/bin/arduino-mega2560/periph_common/init.o
 .debug_frame   0x0000000000001600       0xb0 /home/giulai/Scrivania/prove_progetto/wise-cube/src/mpu/bin/arduino-mega2560/atmega_common_periph/gpio.o
 .debug_frame   0x00000000000016b0      0x1f0 /home/giulai/Scrivania/prove_progetto/wise-cube/src/mpu/bin/arduino-mega2560/atmega_common_periph/uart.o

.debug_str      0x0000000000000000    0x14178
 *(.debug_str)
 .debug_str     0x0000000000000000      0x3e6 /usr/lib/gcc/avr/5.4.0/../../../avr/lib/avr6/crtatmega2560.o
 .debug_str     0x00000000000003e6     0xc1cc /home/giulai/Scrivania/prove_progetto/wise-cube/src/mpu/bin/arduino-mega2560/atmega_common/startup.o
                                       0xc3f7 (size before relaxing)
 .debug_str     0x000000000000c5b2     0x19da /home/giulai/Scrivania/prove_progetto/wise-cube/src/mpu/bin/arduino-mega2560/application_i2c_MPU/main.o
                                       0xdd82 (size before relaxing)
 .debug_str     0x000000000000df8c      0xa60 /home/giulai/Scrivania/prove_progetto/wise-cube/src/mpu/bin/arduino-mega2560/atmega_common_periph/i2c.o
                                       0xbfca (size before relaxing)
 .debug_str     0x000000000000e9ec      0x1c4 /home/giulai/Scrivania/prove_progetto/wise-cube/src/mpu/bin/arduino-mega2560/boards_common_atmega/board.o
                                       0xc564 (size before relaxing)
 .debug_str     0x000000000000ebb0      0x2e0 /home/giulai/Scrivania/prove_progetto/wise-cube/src/mpu/bin/arduino-mega2560/core/init.o
                                       0xbd0e (size before relaxing)
 .debug_str     0x000000000000ee90      0x110 /home/giulai/Scrivania/prove_progetto/wise-cube/src/mpu/bin/arduino-mega2560/core/mutex.o
                                       0xb2bb (size before relaxing)
 .debug_str     0x000000000000efa0      0x240 /home/giulai/Scrivania/prove_progetto/wise-cube/src/mpu/bin/arduino-mega2560/core/panic.o
                                       0xb8ef (size before relaxing)
 .debug_str     0x000000000000f1e0      0x47c /home/giulai/Scrivania/prove_progetto/wise-cube/src/mpu/bin/arduino-mega2560/core/sched.o
                                       0xb729 (size before relaxing)
 .debug_str     0x000000000000f65c      0x1c1 /home/giulai/Scrivania/prove_progetto/wise-cube/src/mpu/bin/arduino-mega2560/core/thread.o
                                       0xbaf4 (size before relaxing)
 .debug_str     0x000000000000f81d      0xba8 /home/giulai/Scrivania/prove_progetto/wise-cube/src/mpu/bin/arduino-mega2560/mpu9x50/mpu9x50.o
                                       0xe9df (size before relaxing)
 .debug_str     0x00000000000103c5      0x4f2 /home/giulai/Scrivania/prove_progetto/wise-cube/src/mpu/bin/arduino-mega2560/xtimer/xtimer.o
                                       0xe2f9 (size before relaxing)
 .debug_str     0x00000000000108b7      0x1c0 /home/giulai/Scrivania/prove_progetto/wise-cube/src/mpu/bin/arduino-mega2560/xtimer/xtimer_core.o
                                       0xdf9b (size before relaxing)
 .debug_str     0x0000000000010a77       0x8e /home/giulai/Scrivania/prove_progetto/wise-cube/src/mpu/bin/arduino-mega2560/periph_common/pm.o
                                       0xb686 (size before relaxing)
 .debug_str     0x0000000000010b05       0xac /home/giulai/Scrivania/prove_progetto/wise-cube/src/mpu/bin/arduino-mega2560/periph_common/i2c.o
                                       0xc9cf (size before relaxing)
 .debug_str     0x0000000000010bb1      0x197 /home/giulai/Scrivania/prove_progetto/wise-cube/src/mpu/bin/arduino-mega2560/atmega_common/thread_arch.o
                                       0xc7f5 (size before relaxing)
 .debug_str     0x0000000000010d48     0x292c /home/giulai/Scrivania/prove_progetto/wise-cube/src/mpu/bin/arduino-mega2560/atmega_common/cpu.o
                                       0xf148 (size before relaxing)
 .debug_str     0x0000000000013674      0x1b3 /home/giulai/Scrivania/prove_progetto/wise-cube/src/mpu/bin/arduino-mega2560/atmega_common_periph/timer.o
                                       0xca96 (size before relaxing)
 .debug_str     0x0000000000013827       0x93 /home/giulai/Scrivania/prove_progetto/wise-cube/src/mpu/bin/arduino-mega2560/auto_init/auto_init.o
                                       0x4959 (size before relaxing)
 .debug_str     0x00000000000138ba      0x1da /home/giulai/Scrivania/prove_progetto/wise-cube/src/mpu/bin/arduino-mega2560/avr_libc_extra/atmega_stdio.o
                                       0xc530 (size before relaxing)
 .debug_str     0x0000000000013a94       0xf2 /home/giulai/Scrivania/prove_progetto/wise-cube/src/mpu/bin/arduino-mega2560/boards_common_arduino-atmega/led_init.o
                                       0xc424 (size before relaxing)
 .debug_str     0x0000000000013b86      0x18a /home/giulai/Scrivania/prove_progetto/wise-cube/src/mpu/bin/arduino-mega2560/stdio_uart/stdio_uart.o
                                       0xcbed (size before relaxing)
 .debug_str     0x0000000000013d10       0x97 /home/giulai/Scrivania/prove_progetto/wise-cube/src/mpu/bin/arduino-mega2560/periph_common/init.o
                                       0xb508 (size before relaxing)
 .debug_str     0x0000000000013da7      0x215 /home/giulai/Scrivania/prove_progetto/wise-cube/src/mpu/bin/arduino-mega2560/atmega_common_periph/gpio.o
                                       0xc74f (size before relaxing)
 .debug_str     0x0000000000013fbc      0x1bc /home/giulai/Scrivania/prove_progetto/wise-cube/src/mpu/bin/arduino-mega2560/atmega_common_periph/uart.o
                                       0xb6dc (size before relaxing)

.debug_loc      0x0000000000000000     0x7834
 *(.debug_loc)
 .debug_loc     0x0000000000000000      0x3e9 /home/giulai/Scrivania/prove_progetto/wise-cube/src/mpu/bin/arduino-mega2560/application_i2c_MPU/main.o
 .debug_loc     0x00000000000003e9      0x72f /home/giulai/Scrivania/prove_progetto/wise-cube/src/mpu/bin/arduino-mega2560/atmega_common_periph/i2c.o
 .debug_loc     0x0000000000000b18       0x14 /home/giulai/Scrivania/prove_progetto/wise-cube/src/mpu/bin/arduino-mega2560/boards_common_atmega/board.o
 .debug_loc     0x0000000000000b2c       0x62 /home/giulai/Scrivania/prove_progetto/wise-cube/src/mpu/bin/arduino-mega2560/core/init.o
 .debug_loc     0x0000000000000b8e      0x3a1 /home/giulai/Scrivania/prove_progetto/wise-cube/src/mpu/bin/arduino-mega2560/core/mutex.o
 .debug_loc     0x0000000000000f2f      0x126 /home/giulai/Scrivania/prove_progetto/wise-cube/src/mpu/bin/arduino-mega2560/core/panic.o
 .debug_loc     0x0000000000001055      0x295 /home/giulai/Scrivania/prove_progetto/wise-cube/src/mpu/bin/arduino-mega2560/core/sched.o
 .debug_loc     0x00000000000012ea      0x945 /home/giulai/Scrivania/prove_progetto/wise-cube/src/mpu/bin/arduino-mega2560/core/thread.o
 .debug_loc     0x0000000000001c2f     0x134a /home/giulai/Scrivania/prove_progetto/wise-cube/src/mpu/bin/arduino-mega2560/mpu9x50/mpu9x50.o
 .debug_loc     0x0000000000002f79     0x1669 /home/giulai/Scrivania/prove_progetto/wise-cube/src/mpu/bin/arduino-mega2560/xtimer/xtimer.o
 .debug_loc     0x00000000000045e2      0xabc /home/giulai/Scrivania/prove_progetto/wise-cube/src/mpu/bin/arduino-mega2560/xtimer/xtimer_core.o
 .debug_loc     0x000000000000509e      0xa0d /home/giulai/Scrivania/prove_progetto/wise-cube/src/mpu/bin/arduino-mega2560/periph_common/i2c.o
 .debug_loc     0x0000000000005aab      0x3c9 /home/giulai/Scrivania/prove_progetto/wise-cube/src/mpu/bin/arduino-mega2560/atmega_common/thread_arch.o
 .debug_loc     0x0000000000005e74      0x101 /home/giulai/Scrivania/prove_progetto/wise-cube/src/mpu/bin/arduino-mega2560/atmega_common/cpu.o
 .debug_loc     0x0000000000005f75      0xc50 /home/giulai/Scrivania/prove_progetto/wise-cube/src/mpu/bin/arduino-mega2560/atmega_common_periph/timer.o
 .debug_loc     0x0000000000006bc5      0x108 /home/giulai/Scrivania/prove_progetto/wise-cube/src/mpu/bin/arduino-mega2560/avr_libc_extra/atmega_stdio.o
 .debug_loc     0x0000000000006ccd      0x102 /home/giulai/Scrivania/prove_progetto/wise-cube/src/mpu/bin/arduino-mega2560/stdio_uart/stdio_uart.o
 .debug_loc     0x0000000000006dcf      0x417 /home/giulai/Scrivania/prove_progetto/wise-cube/src/mpu/bin/arduino-mega2560/atmega_common_periph/gpio.o
 .debug_loc     0x00000000000071e6      0x64e /home/giulai/Scrivania/prove_progetto/wise-cube/src/mpu/bin/arduino-mega2560/atmega_common_periph/uart.o

.debug_macinfo
 *(.debug_macinfo)

.debug_weaknames
 *(.debug_weaknames)

.debug_funcnames
 *(.debug_funcnames)

.debug_typenames
 *(.debug_typenames)

.debug_varnames
 *(.debug_varnames)

.debug_pubtypes
 *(.debug_pubtypes)

.debug_ranges   0x0000000000000000      0x608
 *(.debug_ranges)
 .debug_ranges  0x0000000000000000       0x20 /home/giulai/Scrivania/prove_progetto/wise-cube/src/mpu/bin/arduino-mega2560/atmega_common/startup.o
 .debug_ranges  0x0000000000000020       0x30 /home/giulai/Scrivania/prove_progetto/wise-cube/src/mpu/bin/arduino-mega2560/application_i2c_MPU/main.o
 .debug_ranges  0x0000000000000050       0x70 /home/giulai/Scrivania/prove_progetto/wise-cube/src/mpu/bin/arduino-mega2560/atmega_common_periph/i2c.o
 .debug_ranges  0x00000000000000c0       0x10 /home/giulai/Scrivania/prove_progetto/wise-cube/src/mpu/bin/arduino-mega2560/boards_common_atmega/board.o
 .debug_ranges  0x00000000000000d0       0x20 /home/giulai/Scrivania/prove_progetto/wise-cube/src/mpu/bin/arduino-mega2560/core/init.o
 .debug_ranges  0x00000000000000f0       0x20 /home/giulai/Scrivania/prove_progetto/wise-cube/src/mpu/bin/arduino-mega2560/core/mutex.o
 .debug_ranges  0x0000000000000110       0x18 /home/giulai/Scrivania/prove_progetto/wise-cube/src/mpu/bin/arduino-mega2560/core/panic.o
 .debug_ranges  0x0000000000000128       0x28 /home/giulai/Scrivania/prove_progetto/wise-cube/src/mpu/bin/arduino-mega2560/core/sched.o
 .debug_ranges  0x0000000000000150       0x60 /home/giulai/Scrivania/prove_progetto/wise-cube/src/mpu/bin/arduino-mega2560/core/thread.o
 .debug_ranges  0x00000000000001b0       0x88 /home/giulai/Scrivania/prove_progetto/wise-cube/src/mpu/bin/arduino-mega2560/mpu9x50/mpu9x50.o
 .debug_ranges  0x0000000000000238       0xb0 /home/giulai/Scrivania/prove_progetto/wise-cube/src/mpu/bin/arduino-mega2560/xtimer/xtimer.o
 .debug_ranges  0x00000000000002e8       0xe0 /home/giulai/Scrivania/prove_progetto/wise-cube/src/mpu/bin/arduino-mega2560/xtimer/xtimer_core.o
 .debug_ranges  0x00000000000003c8       0x18 /home/giulai/Scrivania/prove_progetto/wise-cube/src/mpu/bin/arduino-mega2560/periph_common/pm.o
 .debug_ranges  0x00000000000003e0       0x38 /home/giulai/Scrivania/prove_progetto/wise-cube/src/mpu/bin/arduino-mega2560/periph_common/i2c.o
 .debug_ranges  0x0000000000000418       0x30 /home/giulai/Scrivania/prove_progetto/wise-cube/src/mpu/bin/arduino-mega2560/atmega_common/thread_arch.o
 .debug_ranges  0x0000000000000448       0x30 /home/giulai/Scrivania/prove_progetto/wise-cube/src/mpu/bin/arduino-mega2560/atmega_common/cpu.o
 .debug_ranges  0x0000000000000478       0x80 /home/giulai/Scrivania/prove_progetto/wise-cube/src/mpu/bin/arduino-mega2560/atmega_common_periph/timer.o
 .debug_ranges  0x00000000000004f8       0x10 /home/giulai/Scrivania/prove_progetto/wise-cube/src/mpu/bin/arduino-mega2560/auto_init/auto_init.o
 .debug_ranges  0x0000000000000508       0x20 /home/giulai/Scrivania/prove_progetto/wise-cube/src/mpu/bin/arduino-mega2560/avr_libc_extra/atmega_stdio.o
 .debug_ranges  0x0000000000000528       0x10 /home/giulai/Scrivania/prove_progetto/wise-cube/src/mpu/bin/arduino-mega2560/boards_common_arduino-atmega/led_init.o
 .debug_ranges  0x0000000000000538       0x20 /home/giulai/Scrivania/prove_progetto/wise-cube/src/mpu/bin/arduino-mega2560/stdio_uart/stdio_uart.o
 .debug_ranges  0x0000000000000558       0x10 /home/giulai/Scrivania/prove_progetto/wise-cube/src/mpu/bin/arduino-mega2560/periph_common/init.o
 .debug_ranges  0x0000000000000568       0x40 /home/giulai/Scrivania/prove_progetto/wise-cube/src/mpu/bin/arduino-mega2560/atmega_common_periph/gpio.o
 .debug_ranges  0x00000000000005a8       0x60 /home/giulai/Scrivania/prove_progetto/wise-cube/src/mpu/bin/arduino-mega2560/atmega_common_periph/uart.o

.debug_macro    0x0000000000000000    0x18646
 *(.debug_macro)
 .debug_macro   0x0000000000000000      0x269 /home/giulai/Scrivania/prove_progetto/wise-cube/src/mpu/bin/arduino-mega2560/atmega_common/startup.o
 .debug_macro   0x0000000000000269      0xa9c /home/giulai/Scrivania/prove_progetto/wise-cube/src/mpu/bin/arduino-mega2560/atmega_common/startup.o
 .debug_macro   0x0000000000000d05       0xf4 /home/giulai/Scrivania/prove_progetto/wise-cube/src/mpu/bin/arduino-mega2560/atmega_common/startup.o
 .debug_macro   0x0000000000000df9      0x1c9 /home/giulai/Scrivania/prove_progetto/wise-cube/src/mpu/bin/arduino-mega2560/atmega_common/startup.o
 .debug_macro   0x0000000000000fc2       0x10 /home/giulai/Scrivania/prove_progetto/wise-cube/src/mpu/bin/arduino-mega2560/atmega_common/startup.o
 .debug_macro   0x0000000000000fd2      0x302 /home/giulai/Scrivania/prove_progetto/wise-cube/src/mpu/bin/arduino-mega2560/atmega_common/startup.o
 .debug_macro   0x00000000000012d4       0x1c /home/giulai/Scrivania/prove_progetto/wise-cube/src/mpu/bin/arduino-mega2560/atmega_common/startup.o
 .debug_macro   0x00000000000012f0       0x9e /home/giulai/Scrivania/prove_progetto/wise-cube/src/mpu/bin/arduino-mega2560/atmega_common/startup.o
 .debug_macro   0x000000000000138e     0x1ecb /home/giulai/Scrivania/prove_progetto/wise-cube/src/mpu/bin/arduino-mega2560/atmega_common/startup.o
 .debug_macro   0x0000000000003259      0x100 /home/giulai/Scrivania/prove_progetto/wise-cube/src/mpu/bin/arduino-mega2560/atmega_common/startup.o
 .debug_macro   0x0000000000003359      0x2ea /home/giulai/Scrivania/prove_progetto/wise-cube/src/mpu/bin/arduino-mega2560/atmega_common/startup.o
 .debug_macro   0x0000000000003643       0xd9 /home/giulai/Scrivania/prove_progetto/wise-cube/src/mpu/bin/arduino-mega2560/atmega_common/startup.o
 .debug_macro   0x000000000000371c       0x34 /home/giulai/Scrivania/prove_progetto/wise-cube/src/mpu/bin/arduino-mega2560/atmega_common/startup.o
 .debug_macro   0x0000000000003750       0x18 /home/giulai/Scrivania/prove_progetto/wise-cube/src/mpu/bin/arduino-mega2560/atmega_common/startup.o
 .debug_macro   0x0000000000003768       0x6c /home/giulai/Scrivania/prove_progetto/wise-cube/src/mpu/bin/arduino-mega2560/atmega_common/startup.o
 .debug_macro   0x00000000000037d4       0x63 /home/giulai/Scrivania/prove_progetto/wise-cube/src/mpu/bin/arduino-mega2560/atmega_common/startup.o
 .debug_macro   0x0000000000003837       0x58 /home/giulai/Scrivania/prove_progetto/wise-cube/src/mpu/bin/arduino-mega2560/atmega_common/startup.o
 .debug_macro   0x000000000000388f       0x10 /home/giulai/Scrivania/prove_progetto/wise-cube/src/mpu/bin/arduino-mega2560/atmega_common/startup.o
 .debug_macro   0x000000000000389f       0x97 /home/giulai/Scrivania/prove_progetto/wise-cube/src/mpu/bin/arduino-mega2560/atmega_common/startup.o
 .debug_macro   0x0000000000003936       0xf2 /home/giulai/Scrivania/prove_progetto/wise-cube/src/mpu/bin/arduino-mega2560/atmega_common/startup.o
 .debug_macro   0x0000000000003a28       0xd5 /home/giulai/Scrivania/prove_progetto/wise-cube/src/mpu/bin/arduino-mega2560/atmega_common/startup.o
 .debug_macro   0x0000000000003afd       0x8d /home/giulai/Scrivania/prove_progetto/wise-cube/src/mpu/bin/arduino-mega2560/atmega_common/startup.o
 .debug_macro   0x0000000000003b8a       0x28 /home/giulai/Scrivania/prove_progetto/wise-cube/src/mpu/bin/arduino-mega2560/atmega_common/startup.o
 .debug_macro   0x0000000000003bb2       0xf6 /home/giulai/Scrivania/prove_progetto/wise-cube/src/mpu/bin/arduino-mega2560/atmega_common/startup.o
 .debug_macro   0x0000000000003ca8       0x60 /home/giulai/Scrivania/prove_progetto/wise-cube/src/mpu/bin/arduino-mega2560/atmega_common/startup.o
 .debug_macro   0x0000000000003d08       0xe8 /home/giulai/Scrivania/prove_progetto/wise-cube/src/mpu/bin/arduino-mega2560/atmega_common/startup.o
 .debug_macro   0x0000000000003df0       0x28 /home/giulai/Scrivania/prove_progetto/wise-cube/src/mpu/bin/arduino-mega2560/atmega_common/startup.o
 .debug_macro   0x0000000000003e18       0x18 /home/giulai/Scrivania/prove_progetto/wise-cube/src/mpu/bin/arduino-mega2560/atmega_common/startup.o
 .debug_macro   0x0000000000003e30       0x10 /home/giulai/Scrivania/prove_progetto/wise-cube/src/mpu/bin/arduino-mega2560/atmega_common/startup.o
 .debug_macro   0x0000000000003e40       0x22 /home/giulai/Scrivania/prove_progetto/wise-cube/src/mpu/bin/arduino-mega2560/atmega_common/startup.o
 .debug_macro   0x0000000000003e62       0x5f /home/giulai/Scrivania/prove_progetto/wise-cube/src/mpu/bin/arduino-mega2560/atmega_common/startup.o
 .debug_macro   0x0000000000003ec1       0x34 /home/giulai/Scrivania/prove_progetto/wise-cube/src/mpu/bin/arduino-mega2560/atmega_common/startup.o
 .debug_macro   0x0000000000003ef5       0x84 /home/giulai/Scrivania/prove_progetto/wise-cube/src/mpu/bin/arduino-mega2560/atmega_common/startup.o
 .debug_macro   0x0000000000003f79       0x1c /home/giulai/Scrivania/prove_progetto/wise-cube/src/mpu/bin/arduino-mega2560/atmega_common/startup.o
 .debug_macro   0x0000000000003f95       0x65 /home/giulai/Scrivania/prove_progetto/wise-cube/src/mpu/bin/arduino-mega2560/atmega_common/startup.o
 .debug_macro   0x0000000000003ffa       0x5e /home/giulai/Scrivania/prove_progetto/wise-cube/src/mpu/bin/arduino-mega2560/atmega_common/startup.o
 .debug_macro   0x0000000000004058       0x16 /home/giulai/Scrivania/prove_progetto/wise-cube/src/mpu/bin/arduino-mega2560/atmega_common/startup.o
 .debug_macro   0x000000000000406e      0x2c8 /home/giulai/Scrivania/prove_progetto/wise-cube/src/mpu/bin/arduino-mega2560/atmega_common/startup.o
 .debug_macro   0x0000000000004336       0x6a /home/giulai/Scrivania/prove_progetto/wise-cube/src/mpu/bin/arduino-mega2560/atmega_common/startup.o
 .debug_macro   0x00000000000043a0      0x36d /home/giulai/Scrivania/prove_progetto/wise-cube/src/mpu/bin/arduino-mega2560/application_i2c_MPU/main.o
 .debug_macro   0x000000000000470d      0xa9c /home/giulai/Scrivania/prove_progetto/wise-cube/src/mpu/bin/arduino-mega2560/application_i2c_MPU/main.o
 .debug_macro   0x00000000000051a9      0x2fc /home/giulai/Scrivania/prove_progetto/wise-cube/src/mpu/bin/arduino-mega2560/application_i2c_MPU/main.o
 .debug_macro   0x00000000000054a5       0x1c /home/giulai/Scrivania/prove_progetto/wise-cube/src/mpu/bin/arduino-mega2560/application_i2c_MPU/main.o
 .debug_macro   0x00000000000054c1       0x97 /home/giulai/Scrivania/prove_progetto/wise-cube/src/mpu/bin/arduino-mega2560/application_i2c_MPU/main.o
 .debug_macro   0x0000000000005558       0x66 /home/giulai/Scrivania/prove_progetto/wise-cube/src/mpu/bin/arduino-mega2560/application_i2c_MPU/main.o
 .debug_macro   0x00000000000055be       0x40 /home/giulai/Scrivania/prove_progetto/wise-cube/src/mpu/bin/arduino-mega2560/application_i2c_MPU/main.o
 .debug_macro   0x00000000000055fe       0x86 /home/giulai/Scrivania/prove_progetto/wise-cube/src/mpu/bin/arduino-mega2560/application_i2c_MPU/main.o
 .debug_macro   0x0000000000005684       0x16 /home/giulai/Scrivania/prove_progetto/wise-cube/src/mpu/bin/arduino-mega2560/application_i2c_MPU/main.o
 .debug_macro   0x000000000000569a      0x118 /home/giulai/Scrivania/prove_progetto/wise-cube/src/mpu/bin/arduino-mega2560/application_i2c_MPU/main.o
 .debug_macro   0x00000000000057b2       0xaa /home/giulai/Scrivania/prove_progetto/wise-cube/src/mpu/bin/arduino-mega2560/application_i2c_MPU/main.o
 .debug_macro   0x000000000000585c       0x2e /home/giulai/Scrivania/prove_progetto/wise-cube/src/mpu/bin/arduino-mega2560/application_i2c_MPU/main.o
 .debug_macro   0x000000000000588a       0x16 /home/giulai/Scrivania/prove_progetto/wise-cube/src/mpu/bin/arduino-mega2560/application_i2c_MPU/main.o
 .debug_macro   0x00000000000058a0       0x1c /home/giulai/Scrivania/prove_progetto/wise-cube/src/mpu/bin/arduino-mega2560/application_i2c_MPU/main.o
 .debug_macro   0x00000000000058bc       0x10 /home/giulai/Scrivania/prove_progetto/wise-cube/src/mpu/bin/arduino-mega2560/application_i2c_MPU/main.o
 .debug_macro   0x00000000000058cc       0x10 /home/giulai/Scrivania/prove_progetto/wise-cube/src/mpu/bin/arduino-mega2560/application_i2c_MPU/main.o
 .debug_macro   0x00000000000058dc       0x20 /home/giulai/Scrivania/prove_progetto/wise-cube/src/mpu/bin/arduino-mega2560/application_i2c_MPU/main.o
 .debug_macro   0x00000000000058fc       0x22 /home/giulai/Scrivania/prove_progetto/wise-cube/src/mpu/bin/arduino-mega2560/application_i2c_MPU/main.o
 .debug_macro   0x000000000000591e      0x2aa /home/giulai/Scrivania/prove_progetto/wise-cube/src/mpu/bin/arduino-mega2560/atmega_common_periph/i2c.o
 .debug_macro   0x0000000000005bc8      0xa9c /home/giulai/Scrivania/prove_progetto/wise-cube/src/mpu/bin/arduino-mega2560/atmega_common_periph/i2c.o
 .debug_macro   0x0000000000006664      0x207 /home/giulai/Scrivania/prove_progetto/wise-cube/src/mpu/bin/arduino-mega2560/atmega_common_periph/i2c.o
 .debug_macro   0x000000000000686b       0x22 /home/giulai/Scrivania/prove_progetto/wise-cube/src/mpu/bin/arduino-mega2560/atmega_common_periph/i2c.o
 .debug_macro   0x000000000000688d      0x281 /home/giulai/Scrivania/prove_progetto/wise-cube/src/mpu/bin/arduino-mega2560/boards_common_atmega/board.o
 .debug_macro   0x0000000000006b0e      0xa9c /home/giulai/Scrivania/prove_progetto/wise-cube/src/mpu/bin/arduino-mega2560/boards_common_atmega/board.o
 .debug_macro   0x00000000000075aa      0x283 /home/giulai/Scrivania/prove_progetto/wise-cube/src/mpu/bin/arduino-mega2560/core/init.o
 .debug_macro   0x000000000000782d      0xa9c /home/giulai/Scrivania/prove_progetto/wise-cube/src/mpu/bin/arduino-mega2560/core/init.o
 .debug_macro   0x00000000000082c9      0x16d /home/giulai/Scrivania/prove_progetto/wise-cube/src/mpu/bin/arduino-mega2560/core/init.o
 .debug_macro   0x0000000000008436       0x35 /home/giulai/Scrivania/prove_progetto/wise-cube/src/mpu/bin/arduino-mega2560/core/init.o
 .debug_macro   0x000000000000846b       0x69 /home/giulai/Scrivania/prove_progetto/wise-cube/src/mpu/bin/arduino-mega2560/core/init.o
 .debug_macro   0x00000000000084d4       0x34 /home/giulai/Scrivania/prove_progetto/wise-cube/src/mpu/bin/arduino-mega2560/core/init.o
 .debug_macro   0x0000000000008508       0x8a /home/giulai/Scrivania/prove_progetto/wise-cube/src/mpu/bin/arduino-mega2560/core/init.o
 .debug_macro   0x0000000000008592      0x229 /home/giulai/Scrivania/prove_progetto/wise-cube/src/mpu/bin/arduino-mega2560/core/mutex.o
 .debug_macro   0x00000000000087bb      0xa9c /home/giulai/Scrivania/prove_progetto/wise-cube/src/mpu/bin/arduino-mega2560/core/mutex.o
 .debug_macro   0x0000000000009257      0x276 /home/giulai/Scrivania/prove_progetto/wise-cube/src/mpu/bin/arduino-mega2560/core/panic.o
 .debug_macro   0x00000000000094cd      0xa9c /home/giulai/Scrivania/prove_progetto/wise-cube/src/mpu/bin/arduino-mega2560/core/panic.o
 .debug_macro   0x0000000000009f69       0x16 /home/giulai/Scrivania/prove_progetto/wise-cube/src/mpu/bin/arduino-mega2560/core/panic.o
 .debug_macro   0x0000000000009f7f       0x16 /home/giulai/Scrivania/prove_progetto/wise-cube/src/mpu/bin/arduino-mega2560/core/panic.o
 .debug_macro   0x0000000000009f95       0x20 /home/giulai/Scrivania/prove_progetto/wise-cube/src/mpu/bin/arduino-mega2560/core/panic.o
 .debug_macro   0x0000000000009fb5      0x22a /home/giulai/Scrivania/prove_progetto/wise-cube/src/mpu/bin/arduino-mega2560/core/sched.o
 .debug_macro   0x000000000000a1df      0xa9c /home/giulai/Scrivania/prove_progetto/wise-cube/src/mpu/bin/arduino-mega2560/core/sched.o
 .debug_macro   0x000000000000ac7b       0xd6 /home/giulai/Scrivania/prove_progetto/wise-cube/src/mpu/bin/arduino-mega2560/core/sched.o
 .debug_macro   0x000000000000ad51       0x12 /home/giulai/Scrivania/prove_progetto/wise-cube/src/mpu/bin/arduino-mega2560/core/sched.o
 .debug_macro   0x000000000000ad63      0x228 /home/giulai/Scrivania/prove_progetto/wise-cube/src/mpu/bin/arduino-mega2560/core/thread.o
 .debug_macro   0x000000000000af8b      0xa9c /home/giulai/Scrivania/prove_progetto/wise-cube/src/mpu/bin/arduino-mega2560/core/thread.o
 .debug_macro   0x000000000000ba27       0xdc /home/giulai/Scrivania/prove_progetto/wise-cube/src/mpu/bin/arduino-mega2560/core/thread.o
 .debug_macro   0x000000000000bb03      0x397 /home/giulai/Scrivania/prove_progetto/wise-cube/src/mpu/bin/arduino-mega2560/mpu9x50/mpu9x50.o
 .debug_macro   0x000000000000be9a      0xa9c /home/giulai/Scrivania/prove_progetto/wise-cube/src/mpu/bin/arduino-mega2560/mpu9x50/mpu9x50.o
 .debug_macro   0x000000000000c936      0x148 /home/giulai/Scrivania/prove_progetto/wise-cube/src/mpu/bin/arduino-mega2560/mpu9x50/mpu9x50.o
 .debug_macro   0x000000000000ca7e       0x6a /home/giulai/Scrivania/prove_progetto/wise-cube/src/mpu/bin/arduino-mega2560/mpu9x50/mpu9x50.o
 .debug_macro   0x000000000000cae8       0x22 /home/giulai/Scrivania/prove_progetto/wise-cube/src/mpu/bin/arduino-mega2560/mpu9x50/mpu9x50.o
 .debug_macro   0x000000000000cb0a      0x34a /home/giulai/Scrivania/prove_progetto/wise-cube/src/mpu/bin/arduino-mega2560/xtimer/xtimer.o
 .debug_macro   0x000000000000ce54      0xa9c /home/giulai/Scrivania/prove_progetto/wise-cube/src/mpu/bin/arduino-mega2560/xtimer/xtimer.o
 .debug_macro   0x000000000000d8f0       0x3a /home/giulai/Scrivania/prove_progetto/wise-cube/src/mpu/bin/arduino-mega2560/xtimer/xtimer.o
 .debug_macro   0x000000000000d92a       0x1c /home/giulai/Scrivania/prove_progetto/wise-cube/src/mpu/bin/arduino-mega2560/xtimer/xtimer.o
 .debug_macro   0x000000000000d946      0x342 /home/giulai/Scrivania/prove_progetto/wise-cube/src/mpu/bin/arduino-mega2560/xtimer/xtimer_core.o
 .debug_macro   0x000000000000dc88      0xa9c /home/giulai/Scrivania/prove_progetto/wise-cube/src/mpu/bin/arduino-mega2560/xtimer/xtimer_core.o
 .debug_macro   0x000000000000e724      0x25f /home/giulai/Scrivania/prove_progetto/wise-cube/src/mpu/bin/arduino-mega2560/periph_common/pm.o
 .debug_macro   0x000000000000e983      0xa9c /home/giulai/Scrivania/prove_progetto/wise-cube/src/mpu/bin/arduino-mega2560/periph_common/pm.o
 .debug_macro   0x000000000000f41f      0x2ac /home/giulai/Scrivania/prove_progetto/wise-cube/src/mpu/bin/arduino-mega2560/periph_common/i2c.o
 .debug_macro   0x000000000000f6cb      0xa9c /home/giulai/Scrivania/prove_progetto/wise-cube/src/mpu/bin/arduino-mega2560/periph_common/i2c.o
 .debug_macro   0x0000000000010167      0x27d /home/giulai/Scrivania/prove_progetto/wise-cube/src/mpu/bin/arduino-mega2560/atmega_common/thread_arch.o
 .debug_macro   0x00000000000103e4      0xa9c /home/giulai/Scrivania/prove_progetto/wise-cube/src/mpu/bin/arduino-mega2560/atmega_common/thread_arch.o
 .debug_macro   0x0000000000010e80      0x2b0 /home/giulai/Scrivania/prove_progetto/wise-cube/src/mpu/bin/arduino-mega2560/atmega_common/cpu.o
 .debug_macro   0x0000000000011130      0xa9c /home/giulai/Scrivania/prove_progetto/wise-cube/src/mpu/bin/arduino-mega2560/atmega_common/cpu.o
 .debug_macro   0x0000000000011bcc       0x68 /home/giulai/Scrivania/prove_progetto/wise-cube/src/mpu/bin/arduino-mega2560/atmega_common/cpu.o
 .debug_macro   0x0000000000011c34       0x10 /home/giulai/Scrivania/prove_progetto/wise-cube/src/mpu/bin/arduino-mega2560/atmega_common/cpu.o
 .debug_macro   0x0000000000011c44       0x89 /home/giulai/Scrivania/prove_progetto/wise-cube/src/mpu/bin/arduino-mega2560/atmega_common/cpu.o
 .debug_macro   0x0000000000011ccd      0x181 /home/giulai/Scrivania/prove_progetto/wise-cube/src/mpu/bin/arduino-mega2560/atmega_common/cpu.o
 .debug_macro   0x0000000000011e4e      0x2be /home/giulai/Scrivania/prove_progetto/wise-cube/src/mpu/bin/arduino-mega2560/atmega_common_periph/timer.o
 .debug_macro   0x000000000001210c      0xa9c /home/giulai/Scrivania/prove_progetto/wise-cube/src/mpu/bin/arduino-mega2560/atmega_common_periph/timer.o
 .debug_macro   0x0000000000012ba8       0x96 /home/giulai/Scrivania/prove_progetto/wise-cube/src/mpu/bin/arduino-mega2560/auto_init/auto_init.o
 .debug_macro   0x0000000000012c3e      0xa9c /home/giulai/Scrivania/prove_progetto/wise-cube/src/mpu/bin/arduino-mega2560/auto_init/auto_init.o
 .debug_macro   0x00000000000136da      0x290 /home/giulai/Scrivania/prove_progetto/wise-cube/src/mpu/bin/arduino-mega2560/avr_libc_extra/atmega_stdio.o
 .debug_macro   0x000000000001396a      0xa9c /home/giulai/Scrivania/prove_progetto/wise-cube/src/mpu/bin/arduino-mega2560/avr_libc_extra/atmega_stdio.o
 .debug_macro   0x0000000000014406       0x40 /home/giulai/Scrivania/prove_progetto/wise-cube/src/mpu/bin/arduino-mega2560/avr_libc_extra/atmega_stdio.o
 .debug_macro   0x0000000000014446       0x10 /home/giulai/Scrivania/prove_progetto/wise-cube/src/mpu/bin/arduino-mega2560/avr_libc_extra/atmega_stdio.o